
> purust@0.1.0 build
> spago build && NODE_OPTIONS="--no-deprecation" purs-backend-es bundle-app -p node -m Main --to bin/purust.js

Reading Spago workspace configuration...

✓ Selecting package to build: purust

Downloading dependencies...
Building...
[  4 of 407] Compiling Type.Equality
[  5 of 407] Compiling Type.Proxy
[  2 of 407] Compiling Unsafe.Coerce
[  3 of 407] Compiling Type.Function
[  1 of 407] Compiling Type.Row
[  6 of 407] Compiling Spago.Generated.BuildInfo
[  7 of 407] Compiling Record.Unsafe
[  8 of 407] Compiling Partial
[  9 of 407] Compiling PureScript.Backend.Optimizer.Directives.Defaults
[ 10 of 407] Compiling Data.Void
[ 11 of 407] Compiling Data.Traversable.Accum
[ 12 of 407] Compiling Data.Unit
[ 13 of 407] Compiling Data.Int.Bits
[ 14 of 407] Compiling Data.String.Unsafe
[ 15 of 407] Compiling Data.NaturalTransformation
[ 17 of 407] Compiling Data.ArrayBuffer.Types
[ 16 of 407] Compiling Data.Boolean
[ 18 of 407] Compiling Control.Semigroupoid
[ 19 of 407] Compiling Type.Data.Boolean
[ 20 of 407] Compiling Data.Exists
[ 21 of 407] Compiling Safe.Coerce
[ 22 of 407] Compiling Partial.Unsafe
[ 23 of 407] Compiling Data.Symbol
[ 25 of 407] Compiling Control.Lazy
[ 24 of 407] Compiling Data.Function.Uncurried
[ 26 of 407] Compiling Control.Category
[ 27 of 407] Compiling Data.HeytingAlgebra
[ 28 of 407] Compiling Data.Semiring
[ 29 of 407] Compiling Data.Semigroup
[ 30 of 407] Compiling Record.Unsafe.Union
[ 31 of 407] Compiling Data.Show
[ 32 of 407] Compiling Data.Ring
[ 33 of 407] Compiling Data.Generic.Rep
[ 35 of 407] Compiling Data.BooleanAlgebra
[ 34 of 407] Compiling Data.Eq
[ 36 of 407] Compiling Data.CommutativeRing
[ 37 of 407] Compiling Data.Ordering
[ 38 of 407] Compiling Data.EuclideanRing
[ 40 of 407] Compiling Type.Data.Ordering
[ 39 of 407] Compiling Data.Ord
[ 41 of 407] Compiling Data.DivisionRing
[ 42 of 407] Compiling Data.Field
[ 43 of 407] Compiling Type.Data.Symbol
[ 44 of 407] Compiling Type.RowList
[ 45 of 407] Compiling Type.Prelude
[ 46 of 407] Compiling Type.Row.Homogeneous
[ 49 of 407] Compiling Data.Reflectable
[ 47 of 407] Compiling Data.Function
[ 48 of 407] Compiling Data.Monoid
[ 50 of 407] Compiling Data.Bounded
[ 51 of 407] Compiling Data.Functor
[ 54 of 407] Compiling Control.Alt
[ 52 of 407] Compiling Control.Extend
[ 53 of 407] Compiling Control.Apply
[ 55 of 407] Compiling Data.Monoid.Generic
[ 56 of 407] Compiling Data.Bounded.Generic
[ 57 of 407] Compiling Control.Plus
[ 58 of 407] Compiling Control.Comonad
[ 59 of 407] Compiling Control.Applicative
[ 61 of 407] Compiling Control.Alternative
[ 60 of 407] Compiling Control.Bind
[ 62 of 407] Compiling Control.Monad
[ 64 of 407] Compiling Control.MonadPlus
[ 63 of 407] Compiling Prelude
[ 65 of 407] Compiling Effect
[ 66 of 407] Compiling Control.Monad.Reader.Class
[ 67 of 407] Compiling Control.Monad.Cont.Class
[ 69 of 407] Compiling Data.Semigroup.First
[ 68 of 407] Compiling Node.Buffer.Types
[ 70 of 407] Compiling Data.HeytingAlgebra.Generic
[ 71 of 407] Compiling Node.Encoding
[ 73 of 407] Compiling Data.Monoid.Multiplicative
[ 74 of 407] Compiling Control.Monad.Gen.Class
[ 75 of 407] Compiling Data.Monoid.Conj
[ 76 of 407] Compiling Data.Monoid.Dual
[ 72 of 407] Compiling Record.Builder
[ 77 of 407] Compiling Data.Semigroup.Generic
[ 78 of 407] Compiling Data.Monoid.Disj
[ 79 of 407] Compiling Data.Semigroup.Last
[ 80 of 407] Compiling Data.Ord.Generic
[ 81 of 407] Compiling Record
[ 83 of 407] Compiling Data.Eq.Generic
[ 82 of 407] Compiling Data.Monoid.Endo
[ 85 of 407] Compiling Data.Traversable.Accum.Internal
[ 86 of 407] Compiling Data.Ring.Generic
[ 84 of 407] Compiling Node.FS.Constants
[ 87 of 407] Compiling Debug
[ 88 of 407] Compiling Data.Number.Format
[ 89 of 407] Compiling Data.Semiring.Generic
[ 90 of 407] Compiling Control.Monad.Trans.Class
[ 91 of 407] Compiling Data.Show.Generic
[ 92 of 407] Compiling Data.Monoid.Additive
[ 93 of 407] Compiling Node.Path
[ 95 of 407] Compiling Effect.Uncurried
[ 96 of 407] Compiling Effect.Class
[ 97 of 407] Compiling Effect.Ref
[ 99 of 407] Compiling Effect.Unsafe
[ 98 of 407] Compiling Node.Buffer.Constants
[ 94 of 407] Compiling Effect.Console
[101 of 407] Compiling Node.FS
[100 of 407] Compiling Data.Yoneda
[102 of 407] Compiling PureScript.Backend.Optimizer.Debug
[103 of 407] Compiling Data.Newtype
[104 of 407] Compiling Effect.Class.Console
[105 of 407] Compiling Data.Ord.Down
[107 of 407] Compiling Data.Ord.Max
[106 of 407] Compiling Data.Functor.App
[110 of 407] Compiling Data.Posix
[109 of 407] Compiling Data.Time.Duration
[108 of 407] Compiling Data.Profunctor
[111 of 407] Compiling Data.Ord.Min
[112 of 407] Compiling Data.Monoid.Alternate
[113 of 407] Compiling Data.String.Pattern
[115 of 407] Compiling Data.Lens.Internal.Exchange
[114 of 407] Compiling Data.Profunctor.Closed
[116 of 407] Compiling Data.String.Common
[117 of 407] Compiling Data.Functor.Invariant
[118 of 407] Compiling Data.Lens.Internal.Grating
[119 of 407] Compiling Data.Lens.Internal.Zipping
[120 of 407] Compiling Data.Functor.Compose
[121 of 407] Compiling Data.Const
[122 of 407] Compiling Data.Identity
[123 of 407] Compiling Data.Tuple
[124 of 407] Compiling Data.Profunctor.Split
[126 of 407] Compiling Data.Profunctor.Join
[125 of 407] Compiling Data.Maybe
[127 of 407] Compiling Data.Functor.Contravariant
[128 of 407] Compiling Data.Comparison
[129 of 407] Compiling Data.Predicate
[130 of 407] Compiling Data.Op
[131 of 407] Compiling Data.Equivalence
[133 of 407] Compiling Data.Nullable
[135 of 407] Compiling Data.Maybe.First
[132 of 407] Compiling Data.String.CodeUnits
[134 of 407] Compiling Data.Either
[136 of 407] Compiling Node.Platform
[137 of 407] Compiling Data.Posix.Signal
[139 of 407] Compiling Data.Maybe.Last
[138 of 407] Compiling Data.Number
[141 of 407] Compiling Data.Number.Approximate
[140 of 407] Compiling Data.Int
[142 of 407] Compiling PureScript.Backend.Optimizer.FfiSupport
[143 of 407] Compiling Node.Buffer.Immutable
[144 of 407] Compiling Node.Symbol
[145 of 407] Compiling Data.Divide
[146 of 407] Compiling Data.Distributive
[148 of 407] Compiling Data.Profunctor.Costrong
[149 of 407] Compiling Control.Monad.Writer.Class
[150 of 407] Compiling Dodo.Internal
[147 of 407] Compiling Data.Tuple.Nested
[151 of 407] Compiling Control.Monad.State.Class
[152 of 407] Compiling Data.Profunctor.Strong
[153 of 407] Compiling Data.Lens.Internal.Focusing
[154 of 407] Compiling Node.Buffer.Class
[155 of 407] Compiling Data.Lens.Internal.Shop
[156 of 407] Compiling Data.Divisible
[157 of 407] Compiling Data.Decide
[158 of 407] Compiling Data.Profunctor.Cochoice
[160 of 407] Compiling Data.Either.Inject
[161 of 407] Compiling Effect.Exception
[159 of 407] Compiling Node.EventEmitter
[162 of 407] Compiling Data.Either.Nested
[163 of 407] Compiling Data.Profunctor.Choice
[164 of 407] Compiling Data.Bifunctor
[165 of 407] Compiling Node.Buffer
[166 of 407] Compiling Effect.Exception.Unsafe
[167 of 407] Compiling Control.Monad.Error.Class
[168 of 407] Compiling Data.Lens.Internal.Re
[169 of 407] Compiling Data.Profunctor.Star
[170 of 407] Compiling Control.Biapply
[171 of 407] Compiling Data.Lens.Internal.Market
[172 of 407] Compiling Data.Lens.Internal.Stall
[173 of 407] Compiling Data.Functor.Costar
[174 of 407] Compiling Control.Monad.Rec.Class
[175 of 407] Compiling Data.Functor.Product
[176 of 407] Compiling Data.Decidable
[177 of 407] Compiling Data.Functor.Coproduct
[178 of 407] Compiling Node.EventEmitter.UtilTypes
[179 of 407] Compiling Control.Biapplicative
[180 of 407] Compiling Data.Bifunctor.Join
[181 of 407] Compiling Data.Functor.Clown
[182 of 407] Compiling Data.Functor.Flip
[183 of 407] Compiling Data.Functor.Product2
[184 of 407] Compiling Data.Functor.Joker
[185 of 407] Compiling Node.Stream
[186 of 407] Compiling Data.Functor.Product.Nested
[187 of 407] Compiling Control.Monad.ST.Internal
[188 of 407] Compiling Data.Lens.Internal.Wander
[190 of 407] Compiling Data.Functor.Coproduct.Inject
[191 of 407] Compiling Data.FunctorWithIndex
[189 of 407] Compiling Data.Foldable
[192 of 407] Compiling Data.Functor.Coproduct.Nested
[193 of 407] Compiling Data.Lens.Internal.Indexed
[194 of 407] Compiling Data.Lens.Internal.Forget
[195 of 407] Compiling Control.Monad.ST.Uncurried
[196 of 407] Compiling Control.Monad.ST.Ref
[197 of 407] Compiling Control.Monad.ST
[198 of 407] Compiling Control.Monad.ST.Global
[200 of 407] Compiling Foreign.Object.ST
[199 of 407] Compiling Node.Buffer.ST
[201 of 407] Compiling Control.Monad.ST.Class
[202 of 407] Compiling Control.Monad.Cont.Trans
[203 of 407] Compiling Control.Monad.State.Trans
[204 of 407] Compiling Control.Monad.Maybe.Trans
[205 of 407] Compiling Control.Monad.Reader.Trans
[206 of 407] Compiling Data.Array.ST
[207 of 407] Compiling Control.Monad.Writer.Trans
[208 of 407] Compiling Control.Monad.RWS.Trans
[209 of 407] Compiling Control.Monad.Except.Trans
[210 of 407] Compiling Node.FS.Stream
[211 of 407] Compiling Data.Array.ST.Partial
[212 of 407] Compiling Data.Array.ST.Iterator
[213 of 407] Compiling Control.Monad.Cont
[214 of 407] Compiling Control.Monad.Reader
[215 of 407] Compiling Control.Monad.State
[216 of 407] Compiling Control.Monad.Writer
[217 of 407] Compiling Control.Parallel.Class
[218 of 407] Compiling Control.Monad.Except
[219 of 407] Compiling Control.Monad.RWS
[220 of 407] Compiling Data.Bifoldable
[221 of 407] Compiling Data.Semigroup.Foldable
[222 of 407] Compiling Data.Traversable
[223 of 407] Compiling Data.FoldableWithIndex
[224 of 407] Compiling Data.Bitraversable
[225 of 407] Compiling Data.Semigroup.Traversable
[226 of 407] Compiling Control.Parallel
[227 of 407] Compiling Data.Lens.Internal.Tagged
[228 of 407] Compiling Control.Monad.Identity.Trans
[229 of 407] Compiling Effect.Aff
[230 of 407] Compiling Data.Unfoldable1
[231 of 407] Compiling Data.Coyoneda
[232 of 407] Compiling Control.Comonad.Trans.Class
[233 of 407] Compiling Data.TraversableWithIndex
[234 of 407] Compiling Control.Comonad.Traced.Trans
[235 of 407] Compiling Control.Comonad.Store.Trans
[236 of 407] Compiling Data.Unfoldable
[237 of 407] Compiling Data.Lens.Internal.Bazaar
[239 of 407] Compiling Control.Monad.Gen
[238 of 407] Compiling Data.Enum
[240 of 407] Compiling Data.Lens.Types
[241 of 407] Compiling Data.Lens.Zoom
[242 of 407] Compiling Data.Lens.Prism
[243 of 407] Compiling Data.Lens.Getter
[244 of 407] Compiling Data.Lens.Iso
[245 of 407] Compiling Data.Lens.Setter
[247 of 407] Compiling Data.Lens.Grate
[246 of 407] Compiling Data.Lens.Lens
[248 of 407] Compiling Data.Lens.AffineTraversal
[249 of 407] Compiling Data.NonEmpty
[250 of 407] Compiling Data.Array.NonEmpty.Internal
[251 of 407] Compiling Data.Lazy
[252 of 407] Compiling Control.Comonad.Env.Trans
[253 of 407] Compiling Effect.Aff.Compat
[254 of 407] Compiling Data.Time.Duration.Gen
[255 of 407] Compiling Data.Lens.Lens.Tuple
[256 of 407] Compiling Data.Lens.Lens.Unit
[257 of 407] Compiling Data.Lens.Lens.Void
[258 of 407] Compiling Data.Lens.Prism.Either
[259 of 407] Compiling Data.Lens.Prism.Maybe
[260 of 407] Compiling Data.Lens.Iso.Newtype
[261 of 407] Compiling Data.Lens.Common
[263 of 407] Compiling Data.Lens.Lens.Product
[262 of 407] Compiling Data.Lens.Prism.Coproduct
[265 of 407] Compiling Data.Lens.Indexed
[264 of 407] Compiling Data.Array
[266 of 407] Compiling Data.Lens.Traversal
[267 of 407] Compiling Control.Comonad.Store.Class
[268 of 407] Compiling Data.Date.Component
[270 of 407] Compiling Data.Time.Component
[269 of 407] Compiling Data.Enum.Generic
[271 of 407] Compiling Data.Char
[272 of 407] Compiling Control.Monad.List.Trans
[274 of 407] Compiling Data.Enum.Gen
[273 of 407] Compiling Data.Char.Gen
[276 of 407] Compiling Data.List.Types
[275 of 407] Compiling Data.List.Lazy.Types
[277 of 407] Compiling Control.Monad.Gen.Common
[278 of 407] Compiling Control.Comonad.Store
[279 of 407] Compiling Data.String.Gen
[280 of 407] Compiling Control.Comonad.Env.Class
[281 of 407] Compiling Data.Time.Component.Gen
[282 of 407] Compiling Data.Time
[283 of 407] Compiling Control.Comonad.Env
[284 of 407] Compiling Control.Comonad.Traced.Class
[286 of 407] Compiling Data.Date.Component.Gen
[285 of 407] Compiling Data.Date
[287 of 407] Compiling Control.Comonad.Traced
[288 of 407] Compiling Data.Time.Gen
[290 of 407] Compiling Data.Array.Partial
[289 of 407] Compiling Data.String.CodePoints
[291 of 407] Compiling Foreign.Object
[292 of 407] Compiling Data.Array.NonEmpty
[293 of 407] Compiling Data.Date.Gen
[294 of 407] Compiling Data.DateTime
[295 of 407] Compiling Effect.Aff.Class
[296 of 407] Compiling Data.List.Internal
[298 of 407] Compiling Data.DateTime.Gen
[297 of 407] Compiling Data.DateTime.Instant
[299 of 407] Compiling Node.Stream.Aff
[300 of 407] Compiling Data.String
[301 of 407] Compiling Data.String.NonEmpty.Internal
[302 of 407] Compiling Node.FS.Perms
[303 of 407] Compiling Data.String.CaseInsensitive
[304 of 407] Compiling Data.String.Regex.Flags
[305 of 407] Compiling Data.List.Lazy
[306 of 407] Compiling Data.List
[307 of 407] Compiling Foreign.Object.ST.Unsafe
[308 of 407] Compiling Data.Argonaut.Core
[309 of 407] Compiling Foreign.Object.Unsafe
[310 of 407] Compiling Data.String.Regex
[311 of 407] Compiling PureScript.CST.Types
[312 of 407] Compiling PureScript.Backend.Optimizer.Utils
[314 of 407] Compiling Data.String.NonEmpty.CodePoints
[313 of 407] Compiling Data.String.NonEmpty.CodeUnits
[315 of 407] Compiling Data.Argonaut.Decode.Error
[316 of 407] Compiling Data.Argonaut.Gen
[317 of 407] Compiling Data.Argonaut.Parser
[318 of 407] Compiling Data.String.Regex.Unsafe
[319 of 407] Compiling Data.String.NonEmpty
[320 of 407] Compiling Data.String.NonEmpty.CaseInsensitive
[321 of 407] Compiling Data.Argonaut.Decode.Parser
[322 of 407] Compiling PureScript.CST.Print
[323 of 407] Compiling PureScript.CST.Range.TokenList
[324 of 407] Compiling Data.List.ZipList
[325 of 407] Compiling Data.List.Lazy.NonEmpty
[326 of 407] Compiling PureScript.CST.Errors
[328 of 407] Compiling Foreign.Object.Gen
[329 of 407] Compiling Data.List.Partial
[330 of 407] Compiling Data.List.NonEmpty
[331 of 407] Compiling Data.CatQueue
[327 of 407] Compiling Data.Map.Internal
[332 of 407] Compiling PureScript.CST.Layout
[334 of 407] Compiling Dodo.Internal.Buffer
[333 of 407] Compiling Data.Lens.Fold
[335 of 407] Compiling Dodo
[336 of 407] Compiling PureScript.CST.Range
[337 of 407] Compiling Data.CatList
[338 of 407] Compiling Ansi.Codes
[339 of 407] Compiling Foreign
[340 of 407] Compiling Data.Lens
[341 of 407] Compiling Data.Lens.Fold.Partial
[342 of 407] Compiling Data.Argonaut.Prisms
[343 of 407] Compiling Data.Lens.Record
[344 of 407] Compiling Data.Argonaut.Traversals
[345 of 407] Compiling Control.Monad.Free
[346 of 407] Compiling Data.JSDate
[348 of 407] Compiling Foreign.Index
[347 of 407] Compiling Node.Process
[349 of 407] Compiling Foreign.Keys
[350 of 407] Compiling Dodo.Common
[351 of 407] Compiling Dodo.Box
[352 of 407] Compiling Node.FS.Stats
[353 of 407] Compiling PureScript.CST.TokenStream
[355 of 407] Compiling Node.FS.Sync
[354 of 407] Compiling Node.FS.Async
[356 of 407] Compiling Control.Comonad.Cofree
[358 of 407] Compiling Control.Monad.Trampoline
[359 of 407] Compiling Control.Monad.Free.Class
[357 of 407] Compiling PureScript.CST.Traversal
[361 of 407] Compiling PureScript.CST.Parser.Monad
[360 of 407] Compiling PureScript.CST.Lexer
[362 of 407] Compiling Node.FS.Aff
[363 of 407] Compiling Control.Comonad.Cofree.Class
[364 of 407] Compiling Ansi.Output
[365 of 407] Compiling Dodo.Ansi
[366 of 407] Compiling Data.Set
[367 of 407] Compiling Data.Map
[368 of 407] Compiling Data.Set.NonEmpty
[369 of 407] Compiling PureScript.CST.Parser
[370 of 407] Compiling PureScript.CST.ModuleGraph
[371 of 407] Compiling Data.Lens.Index
[372 of 407] Compiling Data.Interval.Duration
[373 of 407] Compiling Data.Argonaut.Decode.Decoders
[374 of 407] Compiling Data.Map.Gen
[375 of 407] Compiling PureScript.Backend.Optimizer.CoreFn
[376 of 407] Compiling Data.Argonaut.Encode.Encoders
[377 of 407] Compiling Data.Interval.Duration.Iso
[378 of 407] Compiling Data.Interval
[379 of 407] Compiling Data.Argonaut.Encode.Class
[380 of 407] Compiling Data.Lens.At
[381 of 407] Compiling Data.Argonaut.Encode.Combinators
[382 of 407] Compiling Data.Argonaut.Decode.Class
[383 of 407] Compiling Data.Argonaut.Encode
[384 of 407] Compiling Data.Argonaut.Decode.Combinators
[385 of 407] Compiling Data.Argonaut.Decode
[386 of 407] Compiling Data.Argonaut.JCursor
[387 of 407] Compiling PureScript.Backend.Optimizer.Syntax
[388 of 407] Compiling PureScript.Backend.Optimizer.CoreFn.Sort
[389 of 407] Compiling Data.Argonaut
[390 of 407] Compiling Data.Argonaut.JCursor.Gen
[391 of 407] Compiling PureScript.Backend.Optimizer.CoreFn.Json
[392 of 407] Compiling PureScript.Backend.Optimizer.Analysis
[393 of 407] Compiling PureScript.CST
[394 of 407] Compiling PureScript.Backend.Optimizer.Semantics
[395 of 407] Compiling PureScript.Backend.Optimizer.Codegen.Tco
[397 of 407] Compiling PureScript.Backend.Optimizer.Directives
[396 of 407] Compiling PureScript.Backend.Optimizer.Semantics.Foreign
[398 of 407] Compiling PureScript.Backend.Optimizer.App
[400 of 407] Compiling PureScript.Backend.Optimizer.FreeVars
[399 of 407] Compiling PureScript.Backend.Optimizer.Substitute
[401 of 407] Compiling PureScript.Backend.Optimizer.Convert
[402 of 407] Compiling PureScript.Backend.Optimizer.Monomorphize
[403 of 407] Compiling PureScript.Backend.Optimizer.Reachability
[404 of 407] Compiling Purust.CodeGen
[406 of 407] Compiling PureScript.Backend.Optimizer.Builder
[405 of 407] Compiling PureScript.Backend.Optimizer.Tracer.Printer
[WARNING 1/25 UnusedImport] ../purescript-backend-optimizer/src/PureScript/Backend/Optimizer/App.purs:13:1

  13  import Effect (Effect)
      ^^^^^^^^^^^^^^^^^^^^^^

  The import of Effect is redundant

[WARNING 2/25 UnusedImport] ../purescript-backend-optimizer/src/PureScript/Backend/Optimizer/App.purs:34:1

  34  import Data.Map (Map)
      ^^^^^^^^^^^^^^^^^^^^^

  The import of Data.Map is redundant

[WARNING 3/25 UnusedDctorImport] ../purescript-backend-optimizer/src/PureScript/Backend/Optimizer/Convert.purs:74:1

  74  import PureScript.Backend.Optimizer.CoreFn (Ann(..), Bind(..), Binder(..), Binding(..), CaseAlternative(..), CaseGuard(..), Comment, ConstructorType(..), DataDecl, Expr(..), ExprType(..), Guard(..), Ident(..), Literal(..), Meta(..), Module(..), ModuleName(..), ProperName, Qualified(..), ReExport, exprAnn, findProp, propKey, propValue, qualifiedModuleName, unQualified)
      ^^^^^^^^^^^^^^^^^^^^^^^^^^^^^^^^^^^^^^^^^^^^^^^^^^^^^^^^^^^^^^^^^^^^^^^^^^^^^^^^^^^^^^^^^^^^^^^^^^^^^^^^^^^^^^^^^^^^^^^^^^^^^^^^^^^^^^^^^^^^^^^^^^^^^^^^^^^^^^^^^^^^^^^^^^^^^^^^^^^^^^^^^^^^^^^^^^^^^^^^^^^^^^^^^^^^^^^^^^^^^^^^^^^^^^^^^^^^^^^^^^^^^^^^^^^^^^^^^^^^^^^^^^^^^^^^^^^^^^^^^^^^^^^^^^^^^^^^^^^^^^^^^^^^^^^^^^^^^^^^^^^^^^^^^^^^^^^^^^^^^^^^^^^^^^^^^^^^^^^^^^^^^^^^^^

  The import of type ExprType from module PureScript.Backend.Optimizer.CoreFn includes data constructors but only the type is used
  It could be replaced with:
    import PureScript.Backend.Optimizer.CoreFn (Ann(..), Bind(..), Binder(..), Binding(..), CaseAlternative(..), CaseGuard(..), Comment, ConstructorType(..), DataDecl, Expr(..), ExprType, Guard(..), Ident(..), Literal(..), Meta(..), Module(..), ModuleName(..), ProperName, Qualified(..), ReExport, exprAnn, findProp, propKey, propValue, qualifiedModuleName, unQualified)

[WARNING 4/25 ShadowedName] ../purescript-backend-optimizer/src/PureScript/Backend/Optimizer/Convert.purs:469:7

             v
  469        go bind' next = case bind' of
  470          NonRec (Binding _ ident expr) ->
  471            makeLet (Just ident) (toBackendExpr expr) \_ -> next
       ...
  477              <*> intro idents lvl next
  478          Rec _ ->
  479            unsafeCrashWith "CoreFn empty Rec binding group"
                                                                ^

  Name go was shadowed.
  in value declaration toBackendExpr

[WARNING 5/25 ShadowedName] ../purescript-backend-optimizer/src/PureScript/Backend/Optimizer/Convert.purs:470:33

  470          NonRec (Binding _ ident expr) ->
                                       ^^^^

  Name expr was shadowed.
  in value declaration toBackendExpr

[WARNING 6/25 ShadowedName] ../purescript-backend-optimizer/src/PureScript/Backend/Optimizer/Convert.purs:482:12

  482          ( \expr next idents ->
                  ^^^^

  Name expr was shadowed.
  in value declaration toBackendExpr

[WARNING 7/25 UnusedExplicitImport] ../purescript-backend-optimizer/src/PureScript/Backend/Optimizer/Monomorphize.purs:9:1

  9  import Data.Foldable (foldl, class Foldable)
     ^^^^^^^^^^^^^^^^^^^^^^^^^^^^^^^^^^^^^^^^^^^^

  The import of module Data.Foldable contains the following unused references:
    Foldable
  It could be replaced with:
    import Data.Foldable (foldl)

[WARNING 8/25 UnusedExplicitImport] ../purescript-backend-optimizer/src/PureScript/Backend/Optimizer/Monomorphize.purs:11:1

  11  import PureScript.Backend.Optimizer.CoreFn (Ann(..), Bind(..), Binding(..), CaseAlternative(..), CaseGuard(..), Expr(..), ExprType(..), Guard(..), Module(..), Prop(..), Ident(..), Qualified(..), unQualified, qualifiedModuleName)
      ^^^^^^^^^^^^^^^^^^^^^^^^^^^^^^^^^^^^^^^^^^^^^^^^^^^^^^^^^^^^^^^^^^^^^^^^^^^^^^^^^^^^^^^^^^^^^^^^^^^^^^^^^^^^^^^^^^^^^^^^^^^^^^^^^^^^^^^^^^^^^^^^^^^^^^^^^^^^^^^^^^^^^^^^^^^^^^^^^^^^^^^^^^^^^^^^^^^^^^^^^^^^^^^^^^^^^^^^^^^^^^^^^^^^

  The import of module PureScript.Backend.Optimizer.CoreFn contains the following unused references:
    unQualified
    qualifiedModuleName
  It could be replaced with:
    import PureScript.Backend.Optimizer.CoreFn (Ann(..), Bind(..), Binding(..), CaseAlternative(..), CaseGuard(..), Expr(..), ExprType(..), Guard(..), Ident(..), Module(..), Prop(..), Qualified(..))

[WARNING 9/25 UnusedImport] ../purescript-backend-optimizer/src/PureScript/Backend/Optimizer/Monomorphize.purs:15:1

  15  import Data.String.Pattern (Pattern(..), Replacement(..))
      ^^^^^^^^^^^^^^^^^^^^^^^^^^^^^^^^^^^^^^^^^^^^^^^^^^^^^^^^^

  The import of Data.String.Pattern is redundant

[WARNING 10/25 UnusedDctorImport] ../purescript-backend-optimizer/src/PureScript/Backend/Optimizer/Reachability.purs:16:1

  16  import PureScript.Backend.Optimizer.CoreFn (Ident, ModuleName(..), Qualified(..))
      ^^^^^^^^^^^^^^^^^^^^^^^^^^^^^^^^^^^^^^^^^^^^^^^^^^^^^^^^^^^^^^^^^^^^^^^^^^^^^^^^^

  The import of type ModuleName from module PureScript.Backend.Optimizer.CoreFn includes data constructors but only the type is used
  It could be replaced with:
    import PureScript.Backend.Optimizer.CoreFn (Ident, ModuleName, Qualified(..))

[WARNING 11/25 UnusedName] ../purescript-backend-optimizer/src/PureScript/Backend/Optimizer/Semantics.purs:407:17

  407      NeutCtorDef qual ct ty tag fields, args
                       ^^^^

  Name qual was introduced but not used.
  in value declaration evalApp

[WARNING 12/25 UnusedName] ../purescript-backend-optimizer/src/PureScript/Backend/Optimizer/Semantics.purs:407:22

  407      NeutCtorDef qual ct ty tag fields, args
                            ^^

  Name ct was introduced but not used.
  in value declaration evalApp

[WARNING 13/25 UnusedName] ../purescript-backend-optimizer/src/PureScript/Backend/Optimizer/Semantics.purs:407:25

  407      NeutCtorDef qual ct ty tag fields, args
                               ^^

  Name ty was introduced but not used.
  in value declaration evalApp

[WARNING 14/25 UnusedName] ../purescript-backend-optimizer/src/PureScript/Backend/Optimizer/Semantics.purs:407:28

  407      NeutCtorDef qual ct ty tag fields, args
                                  ^^^

  Name tag was introduced but not used.
  in value declaration evalApp

[WARNING 15/25 ImplicitImport] ../purescript-backend-optimizer/src/PureScript/Backend/Optimizer/Semantics/Foreign.purs:3:1

  3  import Prelude
     ^^^^^^^^^^^^^^

  Module Prelude has unspecified imports, consider using the explicit form:
    import Prelude (comparing, eq, map, not, otherwise, show, ($), (&&), (-), (<$>), (<<<), (<=), (<>), (==))

[WARNING 16/25 UnusedImport] ../purescript-backend-optimizer/src/PureScript/Backend/Optimizer/Semantics/Foreign.purs:12:1

  12  import Debug
      ^^^^^^^^^^^^

  The import of Debug is redundant

[WARNING 17/25 UnusedExplicitImport] ../purescript-backend-optimizer/src/PureScript/Backend/Optimizer/Substitute.purs:12:1

  12  import PureScript.Backend.Optimizer.Codegen.Tco (TcoExpr(..), unTcoExpr, overTcoAnalysis)
      ^^^^^^^^^^^^^^^^^^^^^^^^^^^^^^^^^^^^^^^^^^^^^^^^^^^^^^^^^^^^^^^^^^^^^^^^^^^^^^^^^^^^^^^^^

  The import of module PureScript.Backend.Optimizer.Codegen.Tco contains the following unused references:
    unTcoExpr
    overTcoAnalysis
  It could be replaced with:
    import PureScript.Backend.Optimizer.Codegen.Tco (TcoExpr(..))

[WARNING 18/25 UnusedExplicitImport] ../purescript-backend-optimizer/src/PureScript/Backend/Optimizer/Substitute.purs:13:1

  13  import PureScript.Backend.Optimizer.Syntax (BackendSyntax(..), BackendEffect(..), BackendOperator(..), BackendOperator1(..), BackendOperator2(..), Pair(..))
      ^^^^^^^^^^^^^^^^^^^^^^^^^^^^^^^^^^^^^^^^^^^^^^^^^^^^^^^^^^^^^^^^^^^^^^^^^^^^^^^^^^^^^^^^^^^^^^^^^^^^^^^^^^^^^^^^^^^^^^^^^^^^^^^^^^^^^^^^^^^^^^^^^^^^^^^^^^^^

  The import of module PureScript.Backend.Optimizer.Syntax contains the following unused references:
    BackendOperator1
    BackendOperator2
  It could be replaced with:
    import PureScript.Backend.Optimizer.Syntax (BackendEffect(..), BackendOperator(..), BackendSyntax(..), Pair(..))

[WARNING 19/25 DuplicateSelectiveImport] ../purescript-backend-optimizer/src/PureScript/Backend/Optimizer/Substitute.purs:14:1

  14  import PureScript.Backend.Optimizer.CoreFn (Literal(..), ExprType(..), Ident(..), Qualified(..), Prop(..))
      ^^^^^^^^^^^^^^^^^^^^^^^^^^^^^^^^^^^^^^^^^^^^^^^^^^^^^^^^^^^^^^^^^^^^^^^^^^^^^^^^^^^^^^^^^^^^^^^^^^^^^^^^^^

  There is an existing import of PureScript.Backend.Optimizer.CoreFn, consider merging the import lists

[WARNING 20/25 DuplicateSelectiveImport] ../purescript-backend-optimizer/src/PureScript/Backend/Optimizer/Substitute.purs:16:1

  16  import PureScript.Backend.Optimizer.CoreFn (Ident(..), Qualified(..))
      ^^^^^^^^^^^^^^^^^^^^^^^^^^^^^^^^^^^^^^^^^^^^^^^^^^^^^^^^^^^^^^^^^^^^^

  There is an existing import of PureScript.Backend.Optimizer.CoreFn, consider merging the import lists

[WARNING 21/25 DuplicateImport] ../purescript-backend-optimizer/src/PureScript/Backend/Optimizer/Substitute.purs:17:1

  17  import Data.Newtype (unwrap)
      ^^^^^^^^^^^^^^^^^^^^^^^^^^^^

  Duplicate import of Data.Newtype (unwrap)

[WARNING 22/25 OverlappingPattern] ../purescript-backend-optimizer/src/PureScript/Backend/Optimizer/Substitute.purs:55:1

  55  substituteAst :: Map String (Array ExprType) -> (ExprType -> String) -> TcoExpr -> TcoExpr
      ^^^^^^^^^^^^^^^^^^^^^^^^^^^^^^^^^^^^^^^^^^^^^^^^^^^^^^^^^^^^^^^^^^^^^^^^^^^^^^^^^^^^^^^^^^

  A case expression contains unreachable cases:
  _
  in value declaration substituteAst

[WARNING 23/25 OverlappingPattern] ../purescript-backend-optimizer/src/PureScript/Backend/Optimizer/Substitute.purs:108:1

  108  mapTcoExprTypes :: (ExprType -> ExprType) -> TcoExpr -> TcoExpr
       ^^^^^^^^^^^^^^^^^^^^^^^^^^^^^^^^^^^^^^^^^^^^^^^^^^^^^^^^^^^^^^^

  A case expression contains unreachable cases:
  _
  in value declaration mapTcoExprTypes

[WARNING 24/25 UnusedName] src/Purust/CodeGen.purs:471:95

  471    Accessor base (GetCtorField (Qualified mn _) _ (ProperName typeName) (Ident ctorName) field idx) ->
                                                                                                     ^^^

  Name idx was introduced but not used.
  in value declaration codegenExpr

[WARNING 25/25 UnusedName] src/Purust/CodeGen.purs:554:18

  554    Accessor inner prop -> "Accessor(" <> printAST inner <> ")"
                        ^^^^

  Name prop was introduced but not used.
  in value declaration printAST

[ERROR 1/1 IncorrectConstructorArity] src/Purust/CodeGen.purs:386:3

  386    CtorDef _ mn typeName (Ident ctorName) fields ->
         ^^^^^^^^^^^^^^^^^^^^^^^^^^^^^^^^^^^^^^^^^^^^^

  Data constructor PureScript.Backend.Optimizer.Syntax.CtorDef was given 5 arguments in a case expression, but expected 4 arguments.
  This problem can be fixed by giving PureScript.Backend.Optimizer.Syntax.CtorDef 4 arguments.
  while checking that expression case expr of
                                   (Typed ty (NeutralExpr (Var (Qualified mn (Ident name))))) -> let
                                                                                                   s = ...
                                                                                                   mnStr = ...
                                                                                                   prefix = ...
                                                                                                   ident = ...
                                                                                                 in case ty of
                                                                                                      ...
                                                                                                      ...
                                   (Typed _ inner) -> ((...) mbLoop) inner
                                   (App fn args) -> case fn of
                                                      (NeutralExpr (Typed _ (NeutralExpr (Var (Qualified (Just (ModuleName "Effect.Console")) (Ident "log")))))) -> ...
                                                      (NeutralExpr (Var (Qualified (Just (ModuleName "Effect.Console")) (Ident "log")))) -> ...
                                                      (NeutralExpr (Typed _ (NeutralExpr (Accessor _ (GetProp "logRecord"))))) -> ...
                                                      (NeutralExpr (Accessor _ (GetProp "logRecord"))) -> ...
                                                      (NeutralExpr (Typed _ (NeutralExpr (Var (Qualified _ (Ident "logInt")))))) -> ...
                                                      (NeutralExpr (Var (Qualified _ (Ident "logInt")))) -> ...
                                                      (NeutralExpr (Typed _ (NeutralExpr (Var (Qualified _ (Ident fnName)))))) | Just l <- ...
                                                                                                                               , ... -> ...
                                                      (NeutralExpr (Var (Qualified _ (Ident fnName)))) | Just l <- ...
                                                                                                       , ... -> ...
                                                      (NeutralExpr (Typed _ (NeutralExpr (Var (Qualified _ (Ident "updateRecord")))))) -> ...
                                                      (NeutralExpr (Var (Qualified _ (Ident "updateRecord")))) -> ...
                                                      (NeutralExpr (Typed _ (NeutralExpr (Accessor _ (GetProp "getRecord"))))) -> ...
                                                      (NeutralExpr (Accessor _ (GetProp "getRecord"))) -> ...
                                                      (NeutralExpr (Typed _ (NeutralExpr (Var (Qualified _ (Ident "getRecord")))))) -> ...
                                                      (NeutralExpr (Var (Qualified _ (Ident "getRecord")))) -> ...
                                                      _ -> ...
                                   (UncurriedEffectApp fn args) -> case fn of
                                                                     (NeutralExpr (Typed _ (NeutralExpr (Accessor _ (GetProp "logRecord"))))) -> ...
                                                                     (NeutralExpr (Accessor _ (GetProp "logRecord"))) -> ...
                                                                     (NeutralExpr (Typed _ (NeutralExpr (Var (Qualified _ (Ident "logRecord")))))) -> ...
                                                                     (NeutralExpr (Var (Qualified _ (Ident "logRecord")))) -> ...
                                                                     (NeutralExpr (Typed _ (NeutralExpr (Accessor _ (GetProp "getRecord"))))) -> ...
                                                                     (NeutralExpr (Accessor _ (GetProp "getRecord"))) -> ...
                                                                     (NeutralExpr (Typed _ (NeutralExpr (Var (Qualified _ (Ident "getRecord")))))) -> ...
                                                                     (NeutralExpr (Var (Qualified _ (Ident "getRecord")))) -> ...
                                                                     _ -> ...
                                   (CtorDef _ mn typeName (Ident ctorName) fields) -> let
                                                                                        mnStr = ...
                                                                                        fullTypeName = ...
                                                                                        ctorArgs = ...
                                                                                        instantiation = ...
                                                                                      in (...) fields
                                   (Lit (LitString s)) -> (append "\"") ((...) "\".to_string()")
                                   (Lit (LitInt i)) -> show i
                                   (Lit (LitRecord props)) -> let
                                                                sortedProps = ...
                                                                structName = ...
                                                                propCode = ...
                                                              in (...) (...)
                                   (Update base props) -> let
                                                            propsCode = ...
                                                          in (...) (...)
                                   (Branch branches def) -> let
                                                              defCode = ...
                                                              branchCode = ...
                                                            in (...) (...)
                                   (Abs params body) -> let
                                                          makeUniqueNames = ...
                                                          getMbId = ...
                                                          rawParams = ...
                                                          paramsArr = ...
                                                        in (...) (...)
                                   (PrimOp (Op1 op a)) -> let
                                                            aStr = ...
                                                          in case op of
                                                               ...
                                                               ...
                                                               ...
                                                               ...
                                   (PrimOp (Op2 op a b)) -> let
                                                              bStr = ...
                                                              aStr = ...
                                                            in case op of
                                                                 ...
                                                                 ...
                                                                 ...
                                                                 ...
                                                                 ...
                                                                 ...
                                                                 ...
                                                                 ...
                                                                 ...
                                                                 ...
                                                                 ...
                                                                 ...
                                                                 ...
                                   (Accessor base (GetCtorField (Qualified mn _) _ (ProperName typeName) (Ident ctorName) field idx)) -> let
                                                                                                                                           mnStr = ...
                                                                                                                                           fullTypeName = ...
                                                                                                                                         in (...) (...)
                                   (Accessor base (GetProp k)) -> (append (...)) ((...) (...))
                                   (CtorSaturated (Qualified mn _) _ (ProperName typeName) (Ident ctorName) args) -> let
                                                                                                                       mnStr = ...
                                                                                                                       fullTypeName = ...
                                                                                                                       ctorArgs = ...
                                                                                                                     in (...) (...)
                                   (Var (Qualified mn (Ident name))) -> let
                                                                          s = ...
                                                                          mnStr = ...
                                                                          prefix = ...
                                                                          ident = ...
                                                                        in ident
                                   (Let (Just (Ident name)) _ val body) -> let
                                                                             valCode = ...
                                                                             sName = ...
                                                                             bodyVars = ...
                                                                             comment = ...
                                                                           in (...) (...)
                                   (Let Nothing _ val body) -> (append "{\n") ((...) (...))
                                   (EffectBind mbIdent _ val body) -> case mbIdent of
                                                                        (Just (Ident name)) -> ...
                                                                        Nothing -> ...
                                   (EffectPure val) -> ((...) mbLoop) val
                                   (Local (Just (Ident name)) _) -> sanitizeIdent name
                                   _ -> (append "unimplemented!(\"Unsupported Expr: ") ((...) "\")")
    has type String
  in binding group codegenExpr

           Src   Lib   All
Warnings     2    23    25
Errors       1     0     1

✘ Failed to build.

