Generating Rust code for Main
Failed to decode output/Ansi.Codes/corefn.json: An error occurred while decoding a JSON value:
  At object key 'dataDecls':
  No value was found.
Failed to decode output/Ansi.Output/corefn.json: An error occurred while decoding a JSON value:
  At object key 'dataDecls':
  No value was found.
Failed to decode output/Control.Alt/corefn.json: An error occurred while decoding a JSON value:
  At object key 'dataDecls':
  No value was found.
Failed to decode output/Control.Alternative/corefn.json: An error occurred while decoding a JSON value:
  At object key 'dataDecls':
  No value was found.
Failed to decode output/Control.Applicative/corefn.json: An error occurred while decoding a JSON value:
  At object key 'dataDecls':
  No value was found.
Failed to decode output/Control.Apply/corefn.json: An error occurred while decoding a JSON value:
  At object key 'dataDecls':
  No value was found.
Failed to decode output/Control.Biapplicative/corefn.json: An error occurred while decoding a JSON value:
  At object key 'dataDecls':
  No value was found.
Failed to decode output/Control.Biapply/corefn.json: An error occurred while decoding a JSON value:
  At object key 'dataDecls':
  No value was found.
Failed to decode output/Control.Bind/corefn.json: An error occurred while decoding a JSON value:
  At object key 'dataDecls':
  No value was found.
Failed to decode output/Control.Category/corefn.json: An error occurred while decoding a JSON value:
  At object key 'dataDecls':
  No value was found.
Failed to decode output/Control.Comonad/corefn.json: An error occurred while decoding a JSON value:
  At object key 'dataDecls':
  No value was found.
Failed to decode output/Control.Comonad.Cofree/corefn.json: An error occurred while decoding a JSON value:
  At object key 'dataDecls':
  No value was found.
Failed to decode output/Control.Comonad.Cofree.Class/corefn.json: An error occurred while decoding a JSON value:
  At object key 'dataDecls':
  No value was found.
Failed to decode output/Control.Comonad.Env/corefn.json: An error occurred while decoding a JSON value:
  At object key 'dataDecls':
  No value was found.
Failed to decode output/Control.Comonad.Env.Class/corefn.json: An error occurred while decoding a JSON value:
  At object key 'dataDecls':
  No value was found.
Failed to decode output/Control.Comonad.Env.Trans/corefn.json: An error occurred while decoding a JSON value:
  At object key 'dataDecls':
  No value was found.
Failed to decode output/Control.Comonad.Store/corefn.json: An error occurred while decoding a JSON value:
  At object key 'dataDecls':
  No value was found.
Failed to decode output/Control.Comonad.Store.Class/corefn.json: An error occurred while decoding a JSON value:
  At object key 'dataDecls':
  No value was found.
Failed to decode output/Control.Comonad.Store.Trans/corefn.json: An error occurred while decoding a JSON value:
  At object key 'dataDecls':
  No value was found.
Failed to decode output/Control.Comonad.Traced/corefn.json: An error occurred while decoding a JSON value:
  At object key 'dataDecls':
  No value was found.
Failed to decode output/Control.Comonad.Traced.Class/corefn.json: An error occurred while decoding a JSON value:
  At object key 'dataDecls':
  No value was found.
Failed to decode output/Control.Comonad.Traced.Trans/corefn.json: An error occurred while decoding a JSON value:
  At object key 'dataDecls':
  No value was found.
Failed to decode output/Control.Comonad.Trans.Class/corefn.json: An error occurred while decoding a JSON value:
  At object key 'dataDecls':
  No value was found.
Failed to decode output/Control.Extend/corefn.json: An error occurred while decoding a JSON value:
  At object key 'dataDecls':
  No value was found.
Failed to decode output/Control.Lazy/corefn.json: An error occurred while decoding a JSON value:
  At object key 'dataDecls':
  No value was found.
Failed to decode output/Control.Monad/corefn.json: An error occurred while decoding a JSON value:
  At object key 'dataDecls':
  No value was found.
Failed to decode output/Control.Monad.Cont/corefn.json: An error occurred while decoding a JSON value:
  At object key 'dataDecls':
  No value was found.
Failed to decode output/Control.Monad.Cont.Class/corefn.json: An error occurred while decoding a JSON value:
  At object key 'dataDecls':
  No value was found.
Failed to decode output/Control.Monad.Cont.Trans/corefn.json: An error occurred while decoding a JSON value:
  At object key 'dataDecls':
  No value was found.
Failed to decode output/Control.Monad.Error.Class/corefn.json: An error occurred while decoding a JSON value:
  At object key 'dataDecls':
  No value was found.
Failed to decode output/Control.Monad.Except/corefn.json: An error occurred while decoding a JSON value:
  At object key 'dataDecls':
  No value was found.
Failed to decode output/Control.Monad.Except.Trans/corefn.json: An error occurred while decoding a JSON value:
  At object key 'dataDecls':
  No value was found.
Failed to decode output/Control.Monad.Free/corefn.json: An error occurred while decoding a JSON value:
  At object key 'dataDecls':
  No value was found.
Failed to decode output/Control.Monad.Free.Class/corefn.json: An error occurred while decoding a JSON value:
  At object key 'dataDecls':
  No value was found.
Failed to decode output/Control.Monad.Gen/corefn.json: An error occurred while decoding a JSON value:
  At object key 'dataDecls':
  No value was found.
Failed to decode output/Control.Monad.Gen.Class/corefn.json: An error occurred while decoding a JSON value:
  At object key 'dataDecls':
  No value was found.
Failed to decode output/Control.Monad.Gen.Common/corefn.json: An error occurred while decoding a JSON value:
  At object key 'dataDecls':
  No value was found.
Failed to decode output/Control.Monad.Identity.Trans/corefn.json: An error occurred while decoding a JSON value:
  At object key 'dataDecls':
  No value was found.
Failed to decode output/Control.Monad.List.Trans/corefn.json: An error occurred while decoding a JSON value:
  At object key 'dataDecls':
  No value was found.
Failed to decode output/Control.Monad.Maybe.Trans/corefn.json: An error occurred while decoding a JSON value:
  At object key 'dataDecls':
  No value was found.
Failed to decode output/Control.Monad.RWS/corefn.json: An error occurred while decoding a JSON value:
  At object key 'dataDecls':
  No value was found.
Failed to decode output/Control.Monad.RWS.Trans/corefn.json: An error occurred while decoding a JSON value:
  At object key 'dataDecls':
  No value was found.
Failed to decode output/Control.Monad.Reader/corefn.json: An error occurred while decoding a JSON value:
  At object key 'dataDecls':
  No value was found.
Failed to decode output/Control.Monad.Reader.Class/corefn.json: An error occurred while decoding a JSON value:
  At object key 'dataDecls':
  No value was found.
Failed to decode output/Control.Monad.Reader.Trans/corefn.json: An error occurred while decoding a JSON value:
  At object key 'dataDecls':
  No value was found.
Failed to decode output/Control.Monad.Rec.Class/corefn.json: An error occurred while decoding a JSON value:
  At object key 'dataDecls':
  No value was found.
Failed to decode output/Control.Monad.ST/corefn.json: An error occurred while decoding a JSON value:
  At object key 'dataDecls':
  No value was found.
Failed to decode output/Control.Monad.ST.Class/corefn.json: An error occurred while decoding a JSON value:
  At object key 'dataDecls':
  No value was found.
Failed to decode output/Control.Monad.ST.Global/corefn.json: An error occurred while decoding a JSON value:
  At object key 'dataDecls':
  No value was found.
Failed to decode output/Control.Monad.ST.Internal/corefn.json: An error occurred while decoding a JSON value:
  At object key 'dataDecls':
  No value was found.
Failed to decode output/Control.Monad.ST.Ref/corefn.json: An error occurred while decoding a JSON value:
  At object key 'dataDecls':
  No value was found.
Failed to decode output/Control.Monad.ST.Uncurried/corefn.json: An error occurred while decoding a JSON value:
  At object key 'dataDecls':
  No value was found.
Failed to decode output/Control.Monad.State/corefn.json: An error occurred while decoding a JSON value:
  At object key 'dataDecls':
  No value was found.
Failed to decode output/Control.Monad.State.Class/corefn.json: An error occurred while decoding a JSON value:
  At object key 'dataDecls':
  No value was found.
Failed to decode output/Control.Monad.State.Trans/corefn.json: An error occurred while decoding a JSON value:
  At object key 'dataDecls':
  No value was found.
Failed to decode output/Control.Monad.Trampoline/corefn.json: An error occurred while decoding a JSON value:
  At object key 'dataDecls':
  No value was found.
Failed to decode output/Control.Monad.Trans.Class/corefn.json: An error occurred while decoding a JSON value:
  At object key 'dataDecls':
  No value was found.
Failed to decode output/Control.Monad.Writer/corefn.json: An error occurred while decoding a JSON value:
  At object key 'dataDecls':
  No value was found.
Failed to decode output/Control.Monad.Writer.Class/corefn.json: An error occurred while decoding a JSON value:
  At object key 'dataDecls':
  No value was found.
Failed to decode output/Control.Monad.Writer.Trans/corefn.json: An error occurred while decoding a JSON value:
  At object key 'dataDecls':
  No value was found.
Failed to decode output/Control.MonadPlus/corefn.json: An error occurred while decoding a JSON value:
  At object key 'dataDecls':
  No value was found.
Failed to decode output/Control.Parallel/corefn.json: An error occurred while decoding a JSON value:
  At object key 'dataDecls':
  No value was found.
Failed to decode output/Control.Parallel.Class/corefn.json: An error occurred while decoding a JSON value:
  At object key 'dataDecls':
  No value was found.
Failed to decode output/Control.Plus/corefn.json: An error occurred while decoding a JSON value:
  At object key 'dataDecls':
  No value was found.
Failed to decode output/Control.Semigroupoid/corefn.json: An error occurred while decoding a JSON value:
  At object key 'dataDecls':
  No value was found.
Failed to decode output/Data.Argonaut/corefn.json: An error occurred while decoding a JSON value:
  At object key 'dataDecls':
  No value was found.
Failed to decode output/Data.Argonaut.Core/corefn.json: An error occurred while decoding a JSON value:
  At object key 'dataDecls':
  No value was found.
Failed to decode output/Data.Argonaut.Decode/corefn.json: An error occurred while decoding a JSON value:
  At object key 'dataDecls':
  No value was found.
Failed to decode output/Data.Argonaut.Decode.Class/corefn.json: An error occurred while decoding a JSON value:
  At object key 'dataDecls':
  No value was found.
Failed to decode output/Data.Argonaut.Decode.Combinators/corefn.json: An error occurred while decoding a JSON value:
  At object key 'dataDecls':
  No value was found.
Failed to decode output/Data.Argonaut.Decode.Decoders/corefn.json: An error occurred while decoding a JSON value:
  At object key 'dataDecls':
  No value was found.
Failed to decode output/Data.Argonaut.Decode.Error/corefn.json: An error occurred while decoding a JSON value:
  At object key 'dataDecls':
  No value was found.
Failed to decode output/Data.Argonaut.Decode.Parser/corefn.json: An error occurred while decoding a JSON value:
  At object key 'dataDecls':
  No value was found.
Failed to decode output/Data.Argonaut.Encode/corefn.json: An error occurred while decoding a JSON value:
  At object key 'dataDecls':
  No value was found.
Failed to decode output/Data.Argonaut.Encode.Class/corefn.json: An error occurred while decoding a JSON value:
  At object key 'dataDecls':
  No value was found.
Failed to decode output/Data.Argonaut.Encode.Combinators/corefn.json: An error occurred while decoding a JSON value:
  At object key 'dataDecls':
  No value was found.
Failed to decode output/Data.Argonaut.Encode.Encoders/corefn.json: An error occurred while decoding a JSON value:
  At object key 'dataDecls':
  No value was found.
Failed to decode output/Data.Argonaut.Gen/corefn.json: An error occurred while decoding a JSON value:
  At object key 'dataDecls':
  No value was found.
Failed to decode output/Data.Argonaut.JCursor/corefn.json: An error occurred while decoding a JSON value:
  At object key 'dataDecls':
  No value was found.
Failed to decode output/Data.Argonaut.JCursor.Gen/corefn.json: An error occurred while decoding a JSON value:
  At object key 'dataDecls':
  No value was found.
Failed to decode output/Data.Argonaut.Parser/corefn.json: An error occurred while decoding a JSON value:
  At object key 'dataDecls':
  No value was found.
Failed to decode output/Data.Argonaut.Prisms/corefn.json: An error occurred while decoding a JSON value:
  At object key 'dataDecls':
  No value was found.
Failed to decode output/Data.Argonaut.Traversals/corefn.json: An error occurred while decoding a JSON value:
  At object key 'dataDecls':
  No value was found.
Failed to decode output/Data.Array/corefn.json: An error occurred while decoding a JSON value:
  At object key 'dataDecls':
  No value was found.
Failed to decode output/Data.Array.NonEmpty/corefn.json: An error occurred while decoding a JSON value:
  At object key 'dataDecls':
  No value was found.
Failed to decode output/Data.Array.NonEmpty.Internal/corefn.json: An error occurred while decoding a JSON value:
  At object key 'dataDecls':
  No value was found.
Failed to decode output/Data.Array.Partial/corefn.json: An error occurred while decoding a JSON value:
  At object key 'dataDecls':
  No value was found.
Failed to decode output/Data.Array.ST/corefn.json: An error occurred while decoding a JSON value:
  At object key 'dataDecls':
  No value was found.
Failed to decode output/Data.Array.ST.Iterator/corefn.json: An error occurred while decoding a JSON value:
  At object key 'dataDecls':
  No value was found.
Failed to decode output/Data.Array.ST.Partial/corefn.json: An error occurred while decoding a JSON value:
  At object key 'dataDecls':
  No value was found.
Failed to decode output/Data.ArrayBuffer.Types/corefn.json: An error occurred while decoding a JSON value:
  At object key 'dataDecls':
  No value was found.
Failed to decode output/Data.Bifoldable/corefn.json: An error occurred while decoding a JSON value:
  At object key 'dataDecls':
  No value was found.
Failed to decode output/Data.Bifunctor/corefn.json: An error occurred while decoding a JSON value:
  At object key 'dataDecls':
  No value was found.
Failed to decode output/Data.Bifunctor.Join/corefn.json: An error occurred while decoding a JSON value:
  At object key 'dataDecls':
  No value was found.
Failed to decode output/Data.Bitraversable/corefn.json: An error occurred while decoding a JSON value:
  At object key 'dataDecls':
  No value was found.
Failed to decode output/Data.Boolean/corefn.json: An error occurred while decoding a JSON value:
  At object key 'dataDecls':
  No value was found.
Failed to decode output/Data.BooleanAlgebra/corefn.json: An error occurred while decoding a JSON value:
  At object key 'dataDecls':
  No value was found.
Failed to decode output/Data.Bounded/corefn.json: An error occurred while decoding a JSON value:
  At object key 'dataDecls':
  No value was found.
Failed to decode output/Data.Bounded.Generic/corefn.json: An error occurred while decoding a JSON value:
  At object key 'dataDecls':
  No value was found.
Failed to decode output/Data.CatList/corefn.json: An error occurred while decoding a JSON value:
  At object key 'dataDecls':
  No value was found.
Failed to decode output/Data.CatQueue/corefn.json: An error occurred while decoding a JSON value:
  At object key 'dataDecls':
  No value was found.
Failed to decode output/Data.Char/corefn.json: An error occurred while decoding a JSON value:
  At object key 'dataDecls':
  No value was found.
Failed to decode output/Data.Char.Gen/corefn.json: An error occurred while decoding a JSON value:
  At object key 'dataDecls':
  No value was found.
Failed to decode output/Data.CommutativeRing/corefn.json: An error occurred while decoding a JSON value:
  At object key 'dataDecls':
  No value was found.
Failed to decode output/Data.Comparison/corefn.json: An error occurred while decoding a JSON value:
  At object key 'dataDecls':
  No value was found.
Failed to decode output/Data.Const/corefn.json: An error occurred while decoding a JSON value:
  At object key 'dataDecls':
  No value was found.
Failed to decode output/Data.Coyoneda/corefn.json: An error occurred while decoding a JSON value:
  At object key 'dataDecls':
  No value was found.
Failed to decode output/Data.Date/corefn.json: An error occurred while decoding a JSON value:
  At object key 'dataDecls':
  No value was found.
Failed to decode output/Data.Date.Component/corefn.json: An error occurred while decoding a JSON value:
  At object key 'dataDecls':
  No value was found.
Failed to decode output/Data.Date.Component.Gen/corefn.json: An error occurred while decoding a JSON value:
  At object key 'dataDecls':
  No value was found.
Failed to decode output/Data.Date.Gen/corefn.json: An error occurred while decoding a JSON value:
  At object key 'dataDecls':
  No value was found.
Failed to decode output/Data.DateTime/corefn.json: An error occurred while decoding a JSON value:
  At object key 'dataDecls':
  No value was found.
Failed to decode output/Data.DateTime.Gen/corefn.json: An error occurred while decoding a JSON value:
  At object key 'dataDecls':
  No value was found.
Failed to decode output/Data.DateTime.Instant/corefn.json: An error occurred while decoding a JSON value:
  At object key 'dataDecls':
  No value was found.
Failed to decode output/Data.Decidable/corefn.json: An error occurred while decoding a JSON value:
  At object key 'dataDecls':
  No value was found.
Failed to decode output/Data.Decide/corefn.json: An error occurred while decoding a JSON value:
  At object key 'dataDecls':
  No value was found.
Failed to decode output/Data.Distributive/corefn.json: An error occurred while decoding a JSON value:
  At object key 'dataDecls':
  No value was found.
Failed to decode output/Data.Divide/corefn.json: An error occurred while decoding a JSON value:
  At object key 'dataDecls':
  No value was found.
Failed to decode output/Data.Divisible/corefn.json: An error occurred while decoding a JSON value:
  At object key 'dataDecls':
  No value was found.
Failed to decode output/Data.DivisionRing/corefn.json: An error occurred while decoding a JSON value:
  At object key 'dataDecls':
  No value was found.
Failed to decode output/Data.Either/corefn.json: An error occurred while decoding a JSON value:
  At object key 'dataDecls':
  No value was found.
Failed to decode output/Data.Either.Inject/corefn.json: An error occurred while decoding a JSON value:
  At object key 'dataDecls':
  No value was found.
Failed to decode output/Data.Either.Nested/corefn.json: An error occurred while decoding a JSON value:
  At object key 'dataDecls':
  No value was found.
Failed to decode output/Data.Enum/corefn.json: An error occurred while decoding a JSON value:
  At object key 'dataDecls':
  No value was found.
Failed to decode output/Data.Enum.Gen/corefn.json: An error occurred while decoding a JSON value:
  At object key 'dataDecls':
  No value was found.
Failed to decode output/Data.Enum.Generic/corefn.json: An error occurred while decoding a JSON value:
  At object key 'dataDecls':
  No value was found.
Failed to decode output/Data.Eq/corefn.json: An error occurred while decoding a JSON value:
  At object key 'dataDecls':
  No value was found.
Failed to decode output/Data.Eq.Generic/corefn.json: An error occurred while decoding a JSON value:
  At object key 'dataDecls':
  No value was found.
Failed to decode output/Data.Equivalence/corefn.json: An error occurred while decoding a JSON value:
  At object key 'dataDecls':
  No value was found.
Failed to decode output/Data.EuclideanRing/corefn.json: An error occurred while decoding a JSON value:
  At object key 'dataDecls':
  No value was found.
Failed to decode output/Data.Exists/corefn.json: An error occurred while decoding a JSON value:
  At object key 'dataDecls':
  No value was found.
Failed to decode output/Data.Field/corefn.json: An error occurred while decoding a JSON value:
  At object key 'dataDecls':
  No value was found.
Failed to decode output/Data.Foldable/corefn.json: An error occurred while decoding a JSON value:
  At object key 'dataDecls':
  No value was found.
Failed to decode output/Data.FoldableWithIndex/corefn.json: An error occurred while decoding a JSON value:
  At object key 'dataDecls':
  No value was found.
Failed to decode output/Data.Function/corefn.json: An error occurred while decoding a JSON value:
  At object key 'dataDecls':
  No value was found.
Failed to decode output/Data.Function.Uncurried/corefn.json: An error occurred while decoding a JSON value:
  At object key 'dataDecls':
  No value was found.
Failed to decode output/Data.Functor/corefn.json: An error occurred while decoding a JSON value:
  At object key 'dataDecls':
  No value was found.
Failed to decode output/Data.Functor.App/corefn.json: An error occurred while decoding a JSON value:
  At object key 'dataDecls':
  No value was found.
Failed to decode output/Data.Functor.Clown/corefn.json: An error occurred while decoding a JSON value:
  At object key 'dataDecls':
  No value was found.
Failed to decode output/Data.Functor.Compose/corefn.json: An error occurred while decoding a JSON value:
  At object key 'dataDecls':
  No value was found.
Failed to decode output/Data.Functor.Contravariant/corefn.json: An error occurred while decoding a JSON value:
  At object key 'dataDecls':
  No value was found.
Failed to decode output/Data.Functor.Coproduct/corefn.json: An error occurred while decoding a JSON value:
  At object key 'dataDecls':
  No value was found.
Failed to decode output/Data.Functor.Coproduct.Inject/corefn.json: An error occurred while decoding a JSON value:
  At object key 'dataDecls':
  No value was found.
Failed to decode output/Data.Functor.Coproduct.Nested/corefn.json: An error occurred while decoding a JSON value:
  At object key 'dataDecls':
  No value was found.
Failed to decode output/Data.Functor.Costar/corefn.json: An error occurred while decoding a JSON value:
  At object key 'dataDecls':
  No value was found.
Failed to decode output/Data.Functor.Flip/corefn.json: An error occurred while decoding a JSON value:
  At object key 'dataDecls':
  No value was found.
Failed to decode output/Data.Functor.Invariant/corefn.json: An error occurred while decoding a JSON value:
  At object key 'dataDecls':
  No value was found.
Failed to decode output/Data.Functor.Joker/corefn.json: An error occurred while decoding a JSON value:
  At object key 'dataDecls':
  No value was found.
Failed to decode output/Data.Functor.Product/corefn.json: An error occurred while decoding a JSON value:
  At object key 'dataDecls':
  No value was found.
Failed to decode output/Data.Functor.Product.Nested/corefn.json: An error occurred while decoding a JSON value:
  At object key 'dataDecls':
  No value was found.
Failed to decode output/Data.Functor.Product2/corefn.json: An error occurred while decoding a JSON value:
  At object key 'dataDecls':
  No value was found.
Failed to decode output/Data.FunctorWithIndex/corefn.json: An error occurred while decoding a JSON value:
  At object key 'dataDecls':
  No value was found.
Failed to decode output/Data.Generic.Rep/corefn.json: An error occurred while decoding a JSON value:
  At object key 'dataDecls':
  No value was found.
Failed to decode output/Data.HeytingAlgebra/corefn.json: An error occurred while decoding a JSON value:
  At object key 'dataDecls':
  No value was found.
Failed to decode output/Data.HeytingAlgebra.Generic/corefn.json: An error occurred while decoding a JSON value:
  At object key 'dataDecls':
  No value was found.
Failed to decode output/Data.Identity/corefn.json: An error occurred while decoding a JSON value:
  At object key 'dataDecls':
  No value was found.
Failed to decode output/Data.Int/corefn.json: An error occurred while decoding a JSON value:
  At object key 'dataDecls':
  No value was found.
Failed to decode output/Data.Int.Bits/corefn.json: An error occurred while decoding a JSON value:
  At object key 'dataDecls':
  No value was found.
Failed to decode output/Data.Interval/corefn.json: An error occurred while decoding a JSON value:
  At object key 'dataDecls':
  No value was found.
Failed to decode output/Data.Interval.Duration/corefn.json: An error occurred while decoding a JSON value:
  At object key 'dataDecls':
  No value was found.
Failed to decode output/Data.Interval.Duration.Iso/corefn.json: An error occurred while decoding a JSON value:
  At object key 'dataDecls':
  No value was found.
Failed to decode output/Data.JSDate/corefn.json: An error occurred while decoding a JSON value:
  At object key 'dataDecls':
  No value was found.
Failed to decode output/Data.Lazy/corefn.json: An error occurred while decoding a JSON value:
  At object key 'dataDecls':
  No value was found.
Failed to decode output/Data.Lens/corefn.json: An error occurred while decoding a JSON value:
  At object key 'dataDecls':
  No value was found.
Failed to decode output/Data.Lens.AffineTraversal/corefn.json: An error occurred while decoding a JSON value:
  At object key 'dataDecls':
  No value was found.
Failed to decode output/Data.Lens.At/corefn.json: An error occurred while decoding a JSON value:
  At object key 'dataDecls':
  No value was found.
Failed to decode output/Data.Lens.Common/corefn.json: An error occurred while decoding a JSON value:
  At object key 'dataDecls':
  No value was found.
Failed to decode output/Data.Lens.Fold/corefn.json: An error occurred while decoding a JSON value:
  At object key 'dataDecls':
  No value was found.
Failed to decode output/Data.Lens.Fold.Partial/corefn.json: An error occurred while decoding a JSON value:
  At object key 'dataDecls':
  No value was found.
Failed to decode output/Data.Lens.Getter/corefn.json: An error occurred while decoding a JSON value:
  At object key 'dataDecls':
  No value was found.
Failed to decode output/Data.Lens.Grate/corefn.json: An error occurred while decoding a JSON value:
  At object key 'dataDecls':
  No value was found.
Failed to decode output/Data.Lens.Index/corefn.json: An error occurred while decoding a JSON value:
  At object key 'dataDecls':
  No value was found.
Failed to decode output/Data.Lens.Indexed/corefn.json: An error occurred while decoding a JSON value:
  At object key 'dataDecls':
  No value was found.
Failed to decode output/Data.Lens.Internal.Bazaar/corefn.json: An error occurred while decoding a JSON value:
  At object key 'dataDecls':
  No value was found.
Failed to decode output/Data.Lens.Internal.Exchange/corefn.json: An error occurred while decoding a JSON value:
  At object key 'dataDecls':
  No value was found.
Failed to decode output/Data.Lens.Internal.Focusing/corefn.json: An error occurred while decoding a JSON value:
  At object key 'dataDecls':
  No value was found.
Failed to decode output/Data.Lens.Internal.Forget/corefn.json: An error occurred while decoding a JSON value:
  At object key 'dataDecls':
  No value was found.
Failed to decode output/Data.Lens.Internal.Grating/corefn.json: An error occurred while decoding a JSON value:
  At object key 'dataDecls':
  No value was found.
Failed to decode output/Data.Lens.Internal.Indexed/corefn.json: An error occurred while decoding a JSON value:
  At object key 'dataDecls':
  No value was found.
Failed to decode output/Data.Lens.Internal.Market/corefn.json: An error occurred while decoding a JSON value:
  At object key 'dataDecls':
  No value was found.
Failed to decode output/Data.Lens.Internal.Re/corefn.json: An error occurred while decoding a JSON value:
  At object key 'dataDecls':
  No value was found.
Failed to decode output/Data.Lens.Internal.Shop/corefn.json: An error occurred while decoding a JSON value:
  At object key 'dataDecls':
  No value was found.
Failed to decode output/Data.Lens.Internal.Stall/corefn.json: An error occurred while decoding a JSON value:
  At object key 'dataDecls':
  No value was found.
Failed to decode output/Data.Lens.Internal.Tagged/corefn.json: An error occurred while decoding a JSON value:
  At object key 'dataDecls':
  No value was found.
Failed to decode output/Data.Lens.Internal.Wander/corefn.json: An error occurred while decoding a JSON value:
  At object key 'dataDecls':
  No value was found.
Failed to decode output/Data.Lens.Internal.Zipping/corefn.json: An error occurred while decoding a JSON value:
  At object key 'dataDecls':
  No value was found.
Failed to decode output/Data.Lens.Iso/corefn.json: An error occurred while decoding a JSON value:
  At object key 'dataDecls':
  No value was found.
Failed to decode output/Data.Lens.Iso.Newtype/corefn.json: An error occurred while decoding a JSON value:
  At object key 'dataDecls':
  No value was found.
Failed to decode output/Data.Lens.Lens/corefn.json: An error occurred while decoding a JSON value:
  At object key 'dataDecls':
  No value was found.
Failed to decode output/Data.Lens.Lens.Product/corefn.json: An error occurred while decoding a JSON value:
  At object key 'dataDecls':
  No value was found.
Failed to decode output/Data.Lens.Lens.Tuple/corefn.json: An error occurred while decoding a JSON value:
  At object key 'dataDecls':
  No value was found.
Failed to decode output/Data.Lens.Lens.Unit/corefn.json: An error occurred while decoding a JSON value:
  At object key 'dataDecls':
  No value was found.
Failed to decode output/Data.Lens.Lens.Void/corefn.json: An error occurred while decoding a JSON value:
  At object key 'dataDecls':
  No value was found.
Failed to decode output/Data.Lens.Prism/corefn.json: An error occurred while decoding a JSON value:
  At object key 'dataDecls':
  No value was found.
Failed to decode output/Data.Lens.Prism.Coproduct/corefn.json: An error occurred while decoding a JSON value:
  At object key 'dataDecls':
  No value was found.
Failed to decode output/Data.Lens.Prism.Either/corefn.json: An error occurred while decoding a JSON value:
  At object key 'dataDecls':
  No value was found.
Failed to decode output/Data.Lens.Prism.Maybe/corefn.json: An error occurred while decoding a JSON value:
  At object key 'dataDecls':
  No value was found.
Failed to decode output/Data.Lens.Record/corefn.json: An error occurred while decoding a JSON value:
  At object key 'dataDecls':
  No value was found.
Failed to decode output/Data.Lens.Setter/corefn.json: An error occurred while decoding a JSON value:
  At object key 'dataDecls':
  No value was found.
Failed to decode output/Data.Lens.Traversal/corefn.json: An error occurred while decoding a JSON value:
  At object key 'dataDecls':
  No value was found.
Failed to decode output/Data.Lens.Types/corefn.json: An error occurred while decoding a JSON value:
  At object key 'dataDecls':
  No value was found.
Failed to decode output/Data.Lens.Zoom/corefn.json: An error occurred while decoding a JSON value:
  At object key 'dataDecls':
  No value was found.
Failed to decode output/Data.List/corefn.json: An error occurred while decoding a JSON value:
  At object key 'dataDecls':
  No value was found.
Failed to decode output/Data.List.Internal/corefn.json: An error occurred while decoding a JSON value:
  At object key 'dataDecls':
  No value was found.
Failed to decode output/Data.List.Lazy/corefn.json: An error occurred while decoding a JSON value:
  At object key 'dataDecls':
  No value was found.
Failed to decode output/Data.List.Lazy.NonEmpty/corefn.json: An error occurred while decoding a JSON value:
  At object key 'dataDecls':
  No value was found.
Failed to decode output/Data.List.Lazy.Types/corefn.json: An error occurred while decoding a JSON value:
  At object key 'dataDecls':
  No value was found.
Failed to decode output/Data.List.NonEmpty/corefn.json: An error occurred while decoding a JSON value:
  At object key 'dataDecls':
  No value was found.
Failed to decode output/Data.List.Partial/corefn.json: An error occurred while decoding a JSON value:
  At object key 'dataDecls':
  No value was found.
Failed to decode output/Data.List.Types/corefn.json: An error occurred while decoding a JSON value:
  At object key 'dataDecls':
  No value was found.
Failed to decode output/Data.List.ZipList/corefn.json: An error occurred while decoding a JSON value:
  At object key 'dataDecls':
  No value was found.
Failed to decode output/Data.Map/corefn.json: An error occurred while decoding a JSON value:
  At object key 'dataDecls':
  No value was found.
Failed to decode output/Data.Map.Gen/corefn.json: An error occurred while decoding a JSON value:
  At object key 'dataDecls':
  No value was found.
Failed to decode output/Data.Map.Internal/corefn.json: An error occurred while decoding a JSON value:
  At object key 'dataDecls':
  No value was found.
Failed to decode output/Data.Maybe/corefn.json: An error occurred while decoding a JSON value:
  At object key 'dataDecls':
  No value was found.
Failed to decode output/Data.Maybe.First/corefn.json: An error occurred while decoding a JSON value:
  At object key 'dataDecls':
  No value was found.
Failed to decode output/Data.Maybe.Last/corefn.json: An error occurred while decoding a JSON value:
  At object key 'dataDecls':
  No value was found.
Failed to decode output/Data.Monoid/corefn.json: An error occurred while decoding a JSON value:
  At object key 'dataDecls':
  No value was found.
Failed to decode output/Data.Monoid.Additive/corefn.json: An error occurred while decoding a JSON value:
  At object key 'dataDecls':
  No value was found.
Failed to decode output/Data.Monoid.Alternate/corefn.json: An error occurred while decoding a JSON value:
  At object key 'dataDecls':
  No value was found.
Failed to decode output/Data.Monoid.Conj/corefn.json: An error occurred while decoding a JSON value:
  At object key 'dataDecls':
  No value was found.
Failed to decode output/Data.Monoid.Disj/corefn.json: An error occurred while decoding a JSON value:
  At object key 'dataDecls':
  No value was found.
Failed to decode output/Data.Monoid.Dual/corefn.json: An error occurred while decoding a JSON value:
  At object key 'dataDecls':
  No value was found.
Failed to decode output/Data.Monoid.Endo/corefn.json: An error occurred while decoding a JSON value:
  At object key 'dataDecls':
  No value was found.
Failed to decode output/Data.Monoid.Generic/corefn.json: An error occurred while decoding a JSON value:
  At object key 'dataDecls':
  No value was found.
Failed to decode output/Data.Monoid.Multiplicative/corefn.json: An error occurred while decoding a JSON value:
  At object key 'dataDecls':
  No value was found.
Failed to decode output/Data.NaturalTransformation/corefn.json: An error occurred while decoding a JSON value:
  At object key 'dataDecls':
  No value was found.
Failed to decode output/Data.Newtype/corefn.json: An error occurred while decoding a JSON value:
  At object key 'dataDecls':
  No value was found.
Failed to decode output/Data.NonEmpty/corefn.json: An error occurred while decoding a JSON value:
  At object key 'dataDecls':
  No value was found.
Failed to decode output/Data.Nullable/corefn.json: An error occurred while decoding a JSON value:
  At object key 'dataDecls':
  No value was found.
Failed to decode output/Data.Number/corefn.json: An error occurred while decoding a JSON value:
  At object key 'dataDecls':
  No value was found.
Failed to decode output/Data.Number.Approximate/corefn.json: An error occurred while decoding a JSON value:
  At object key 'dataDecls':
  No value was found.
Failed to decode output/Data.Number.Format/corefn.json: An error occurred while decoding a JSON value:
  At object key 'dataDecls':
  No value was found.
Failed to decode output/Data.Op/corefn.json: An error occurred while decoding a JSON value:
  At object key 'dataDecls':
  No value was found.
Failed to decode output/Data.Ord/corefn.json: An error occurred while decoding a JSON value:
  At object key 'dataDecls':
  No value was found.
Failed to decode output/Data.Ord.Down/corefn.json: An error occurred while decoding a JSON value:
  At object key 'dataDecls':
  No value was found.
Failed to decode output/Data.Ord.Generic/corefn.json: An error occurred while decoding a JSON value:
  At object key 'dataDecls':
  No value was found.
Failed to decode output/Data.Ord.Max/corefn.json: An error occurred while decoding a JSON value:
  At object key 'dataDecls':
  No value was found.
Failed to decode output/Data.Ord.Min/corefn.json: An error occurred while decoding a JSON value:
  At object key 'dataDecls':
  No value was found.
Failed to decode output/Data.Ordering/corefn.json: An error occurred while decoding a JSON value:
  At object key 'dataDecls':
  No value was found.
Failed to decode output/Data.Posix/corefn.json: An error occurred while decoding a JSON value:
  At object key 'dataDecls':
  No value was found.
Failed to decode output/Data.Posix.Signal/corefn.json: An error occurred while decoding a JSON value:
  At object key 'dataDecls':
  No value was found.
Failed to decode output/Data.Predicate/corefn.json: An error occurred while decoding a JSON value:
  At object key 'dataDecls':
  No value was found.
Failed to decode output/Data.Profunctor/corefn.json: An error occurred while decoding a JSON value:
  At object key 'dataDecls':
  No value was found.
Failed to decode output/Data.Profunctor.Choice/corefn.json: An error occurred while decoding a JSON value:
  At object key 'dataDecls':
  No value was found.
Failed to decode output/Data.Profunctor.Closed/corefn.json: An error occurred while decoding a JSON value:
  At object key 'dataDecls':
  No value was found.
Failed to decode output/Data.Profunctor.Cochoice/corefn.json: An error occurred while decoding a JSON value:
  At object key 'dataDecls':
  No value was found.
Failed to decode output/Data.Profunctor.Costrong/corefn.json: An error occurred while decoding a JSON value:
  At object key 'dataDecls':
  No value was found.
Failed to decode output/Data.Profunctor.Join/corefn.json: An error occurred while decoding a JSON value:
  At object key 'dataDecls':
  No value was found.
Failed to decode output/Data.Profunctor.Split/corefn.json: An error occurred while decoding a JSON value:
  At object key 'dataDecls':
  No value was found.
Failed to decode output/Data.Profunctor.Star/corefn.json: An error occurred while decoding a JSON value:
  At object key 'dataDecls':
  No value was found.
Failed to decode output/Data.Profunctor.Strong/corefn.json: An error occurred while decoding a JSON value:
  At object key 'dataDecls':
  No value was found.
Failed to decode output/Data.Reflectable/corefn.json: An error occurred while decoding a JSON value:
  At object key 'dataDecls':
  No value was found.
Failed to decode output/Data.Ring/corefn.json: An error occurred while decoding a JSON value:
  At object key 'dataDecls':
  No value was found.
Failed to decode output/Data.Ring.Generic/corefn.json: An error occurred while decoding a JSON value:
  At object key 'dataDecls':
  No value was found.
Failed to decode output/Data.Semigroup/corefn.json: An error occurred while decoding a JSON value:
  At object key 'dataDecls':
  No value was found.
Failed to decode output/Data.Semigroup.First/corefn.json: An error occurred while decoding a JSON value:
  At object key 'dataDecls':
  No value was found.
Failed to decode output/Data.Semigroup.Foldable/corefn.json: An error occurred while decoding a JSON value:
  At object key 'dataDecls':
  No value was found.
Failed to decode output/Data.Semigroup.Generic/corefn.json: An error occurred while decoding a JSON value:
  At object key 'dataDecls':
  No value was found.
Failed to decode output/Data.Semigroup.Last/corefn.json: An error occurred while decoding a JSON value:
  At object key 'dataDecls':
  No value was found.
Failed to decode output/Data.Semigroup.Traversable/corefn.json: An error occurred while decoding a JSON value:
  At object key 'dataDecls':
  No value was found.
Failed to decode output/Data.Semiring/corefn.json: An error occurred while decoding a JSON value:
  At object key 'dataDecls':
  No value was found.
Failed to decode output/Data.Semiring.Generic/corefn.json: An error occurred while decoding a JSON value:
  At object key 'dataDecls':
  No value was found.
Failed to decode output/Data.Set/corefn.json: An error occurred while decoding a JSON value:
  At object key 'dataDecls':
  No value was found.
Failed to decode output/Data.Set.NonEmpty/corefn.json: An error occurred while decoding a JSON value:
  At object key 'dataDecls':
  No value was found.
Failed to decode output/Data.Show/corefn.json: An error occurred while decoding a JSON value:
  At object key 'dataDecls':
  No value was found.
Failed to decode output/Data.Show.Generic/corefn.json: An error occurred while decoding a JSON value:
  At object key 'dataDecls':
  No value was found.
Failed to decode output/Data.String/corefn.json: An error occurred while decoding a JSON value:
  At object key 'dataDecls':
  No value was found.
Failed to decode output/Data.String.CaseInsensitive/corefn.json: An error occurred while decoding a JSON value:
  At object key 'dataDecls':
  No value was found.
Failed to decode output/Data.String.CodePoints/corefn.json: An error occurred while decoding a JSON value:
  At object key 'dataDecls':
  No value was found.
Failed to decode output/Data.String.CodeUnits/corefn.json: An error occurred while decoding a JSON value:
  At object key 'dataDecls':
  No value was found.
Failed to decode output/Data.String.Common/corefn.json: An error occurred while decoding a JSON value:
  At object key 'dataDecls':
  No value was found.
Failed to decode output/Data.String.Gen/corefn.json: An error occurred while decoding a JSON value:
  At object key 'dataDecls':
  No value was found.
Failed to decode output/Data.String.NonEmpty/corefn.json: An error occurred while decoding a JSON value:
  At object key 'dataDecls':
  No value was found.
Failed to decode output/Data.String.NonEmpty.CaseInsensitive/corefn.json: An error occurred while decoding a JSON value:
  At object key 'dataDecls':
  No value was found.
Failed to decode output/Data.String.NonEmpty.CodePoints/corefn.json: An error occurred while decoding a JSON value:
  At object key 'dataDecls':
  No value was found.
Failed to decode output/Data.String.NonEmpty.CodeUnits/corefn.json: An error occurred while decoding a JSON value:
  At object key 'dataDecls':
  No value was found.
Failed to decode output/Data.String.NonEmpty.Internal/corefn.json: An error occurred while decoding a JSON value:
  At object key 'dataDecls':
  No value was found.
Failed to decode output/Data.String.Pattern/corefn.json: An error occurred while decoding a JSON value:
  At object key 'dataDecls':
  No value was found.
Failed to decode output/Data.String.Regex/corefn.json: An error occurred while decoding a JSON value:
  At object key 'dataDecls':
  No value was found.
Failed to decode output/Data.String.Regex.Flags/corefn.json: An error occurred while decoding a JSON value:
  At object key 'dataDecls':
  No value was found.
Failed to decode output/Data.String.Regex.Unsafe/corefn.json: An error occurred while decoding a JSON value:
  At object key 'dataDecls':
  No value was found.
Failed to decode output/Data.String.Unsafe/corefn.json: An error occurred while decoding a JSON value:
  At object key 'dataDecls':
  No value was found.
Failed to decode output/Data.Symbol/corefn.json: An error occurred while decoding a JSON value:
  At object key 'dataDecls':
  No value was found.
Failed to decode output/Data.Time/corefn.json: An error occurred while decoding a JSON value:
  At object key 'dataDecls':
  No value was found.
Failed to decode output/Data.Time.Component/corefn.json: An error occurred while decoding a JSON value:
  At object key 'dataDecls':
  No value was found.
Failed to decode output/Data.Time.Component.Gen/corefn.json: An error occurred while decoding a JSON value:
  At object key 'dataDecls':
  No value was found.
Failed to decode output/Data.Time.Duration/corefn.json: An error occurred while decoding a JSON value:
  At object key 'dataDecls':
  No value was found.
Failed to decode output/Data.Time.Duration.Gen/corefn.json: An error occurred while decoding a JSON value:
  At object key 'dataDecls':
  No value was found.
Failed to decode output/Data.Time.Gen/corefn.json: An error occurred while decoding a JSON value:
  At object key 'dataDecls':
  No value was found.
Failed to decode output/Data.Traversable/corefn.json: An error occurred while decoding a JSON value:
  At object key 'dataDecls':
  No value was found.
Failed to decode output/Data.Traversable.Accum/corefn.json: An error occurred while decoding a JSON value:
  At object key 'dataDecls':
  No value was found.
Failed to decode output/Data.Traversable.Accum.Internal/corefn.json: An error occurred while decoding a JSON value:
  At object key 'dataDecls':
  No value was found.
Failed to decode output/Data.TraversableWithIndex/corefn.json: An error occurred while decoding a JSON value:
  At object key 'dataDecls':
  No value was found.
Failed to decode output/Data.Tuple/corefn.json: An error occurred while decoding a JSON value:
  At object key 'dataDecls':
  No value was found.
Failed to decode output/Data.Tuple.Nested/corefn.json: An error occurred while decoding a JSON value:
  At object key 'dataDecls':
  No value was found.
Failed to decode output/Data.Unfoldable/corefn.json: An error occurred while decoding a JSON value:
  At object key 'dataDecls':
  No value was found.
Failed to decode output/Data.Unfoldable1/corefn.json: An error occurred while decoding a JSON value:
  At object key 'dataDecls':
  No value was found.
Failed to decode output/Data.Unit/corefn.json: An error occurred while decoding a JSON value:
  At object key 'dataDecls':
  No value was found.
Failed to decode output/Data.Void/corefn.json: An error occurred while decoding a JSON value:
  At object key 'dataDecls':
  No value was found.
Failed to decode output/Data.Yoneda/corefn.json: An error occurred while decoding a JSON value:
  At object key 'dataDecls':
  No value was found.
Failed to decode output/Debug/corefn.json: An error occurred while decoding a JSON value:
  At object key 'dataDecls':
  No value was found.
Failed to decode output/Dodo/corefn.json: An error occurred while decoding a JSON value:
  At object key 'dataDecls':
  No value was found.
Failed to decode output/Dodo.Ansi/corefn.json: An error occurred while decoding a JSON value:
  At object key 'dataDecls':
  No value was found.
Failed to decode output/Dodo.Box/corefn.json: An error occurred while decoding a JSON value:
  At object key 'dataDecls':
  No value was found.
Failed to decode output/Dodo.Common/corefn.json: An error occurred while decoding a JSON value:
  At object key 'dataDecls':
  No value was found.
Failed to decode output/Dodo.Internal/corefn.json: An error occurred while decoding a JSON value:
  At object key 'dataDecls':
  No value was found.
Failed to decode output/Dodo.Internal.Buffer/corefn.json: An error occurred while decoding a JSON value:
  At object key 'dataDecls':
  No value was found.
Failed to decode output/Effect/corefn.json: An error occurred while decoding a JSON value:
  At object key 'dataDecls':
  No value was found.
Failed to decode output/Effect.Aff/corefn.json: An error occurred while decoding a JSON value:
  At object key 'dataDecls':
  No value was found.
Failed to decode output/Effect.Aff.Class/corefn.json: An error occurred while decoding a JSON value:
  At object key 'dataDecls':
  No value was found.
Failed to decode output/Effect.Aff.Compat/corefn.json: An error occurred while decoding a JSON value:
  At object key 'dataDecls':
  No value was found.
Failed to decode output/Effect.Class/corefn.json: An error occurred while decoding a JSON value:
  At object key 'dataDecls':
  No value was found.
Failed to decode output/Effect.Class.Console/corefn.json: An error occurred while decoding a JSON value:
  At object key 'dataDecls':
  No value was found.
Failed to decode output/Effect.Console/corefn.json: An error occurred while decoding a JSON value:
  At object key 'dataDecls':
  No value was found.
Failed to decode output/Effect.Exception/corefn.json: An error occurred while decoding a JSON value:
  At object key 'dataDecls':
  No value was found.
Failed to decode output/Effect.Exception.Unsafe/corefn.json: An error occurred while decoding a JSON value:
  At object key 'dataDecls':
  No value was found.
Failed to decode output/Effect.Ref/corefn.json: An error occurred while decoding a JSON value:
  At object key 'dataDecls':
  No value was found.
Failed to decode output/Effect.Uncurried/corefn.json: An error occurred while decoding a JSON value:
  At object key 'dataDecls':
  No value was found.
Failed to decode output/Effect.Unsafe/corefn.json: An error occurred while decoding a JSON value:
  At object key 'dataDecls':
  No value was found.
Failed to decode output/Foreign/corefn.json: An error occurred while decoding a JSON value:
  At object key 'dataDecls':
  No value was found.
Failed to decode output/Foreign.Index/corefn.json: An error occurred while decoding a JSON value:
  At object key 'dataDecls':
  No value was found.
Failed to decode output/Foreign.Keys/corefn.json: An error occurred while decoding a JSON value:
  At object key 'dataDecls':
  No value was found.
Failed to decode output/Foreign.Object/corefn.json: An error occurred while decoding a JSON value:
  At object key 'dataDecls':
  No value was found.
Failed to decode output/Foreign.Object.Gen/corefn.json: An error occurred while decoding a JSON value:
  At object key 'dataDecls':
  No value was found.
Failed to decode output/Foreign.Object.ST/corefn.json: An error occurred while decoding a JSON value:
  At object key 'dataDecls':
  No value was found.
Failed to decode output/Foreign.Object.ST.Unsafe/corefn.json: An error occurred while decoding a JSON value:
  At object key 'dataDecls':
  No value was found.
Failed to decode output/Foreign.Object.Unsafe/corefn.json: An error occurred while decoding a JSON value:
  At object key 'dataDecls':
  No value was found.
Failed to decode output/Main/corefn.json: An error occurred while decoding a JSON value:
  At object key 'dataDecls':
  No value was found.
Failed to decode output/Node.Buffer/corefn.json: An error occurred while decoding a JSON value:
  At object key 'dataDecls':
  No value was found.
Failed to decode output/Node.Buffer.Class/corefn.json: An error occurred while decoding a JSON value:
  At object key 'dataDecls':
  No value was found.
Failed to decode output/Node.Buffer.Constants/corefn.json: An error occurred while decoding a JSON value:
  At object key 'dataDecls':
  No value was found.
Failed to decode output/Node.Buffer.Immutable/corefn.json: An error occurred while decoding a JSON value:
  At object key 'dataDecls':
  No value was found.
Failed to decode output/Node.Buffer.ST/corefn.json: An error occurred while decoding a JSON value:
  At object key 'dataDecls':
  No value was found.
Failed to decode output/Node.Buffer.Types/corefn.json: An error occurred while decoding a JSON value:
  At object key 'dataDecls':
  No value was found.
Failed to decode output/Node.Encoding/corefn.json: An error occurred while decoding a JSON value:
  At object key 'dataDecls':
  No value was found.
Failed to decode output/Node.EventEmitter/corefn.json: An error occurred while decoding a JSON value:
  At object key 'dataDecls':
  No value was found.
Failed to decode output/Node.EventEmitter.UtilTypes/corefn.json: An error occurred while decoding a JSON value:
  At object key 'dataDecls':
  No value was found.
Failed to decode output/Node.FS/corefn.json: An error occurred while decoding a JSON value:
  At object key 'dataDecls':
  No value was found.
Failed to decode output/Node.FS.Aff/corefn.json: An error occurred while decoding a JSON value:
  At object key 'dataDecls':
  No value was found.
Failed to decode output/Node.FS.Async/corefn.json: An error occurred while decoding a JSON value:
  At object key 'dataDecls':
  No value was found.
Failed to decode output/Node.FS.Constants/corefn.json: An error occurred while decoding a JSON value:
  At object key 'dataDecls':
  No value was found.
Failed to decode output/Node.FS.Perms/corefn.json: An error occurred while decoding a JSON value:
  At object key 'dataDecls':
  No value was found.
Failed to decode output/Node.FS.Stats/corefn.json: An error occurred while decoding a JSON value:
  At object key 'dataDecls':
  No value was found.
Failed to decode output/Node.FS.Stream/corefn.json: An error occurred while decoding a JSON value:
  At object key 'dataDecls':
  No value was found.
Failed to decode output/Node.FS.Sync/corefn.json: An error occurred while decoding a JSON value:
  At object key 'dataDecls':
  No value was found.
Failed to decode output/Node.Path/corefn.json: An error occurred while decoding a JSON value:
  At object key 'dataDecls':
  No value was found.
Failed to decode output/Node.Platform/corefn.json: An error occurred while decoding a JSON value:
  At object key 'dataDecls':
  No value was found.
Failed to decode output/Node.Process/corefn.json: An error occurred while decoding a JSON value:
  At object key 'dataDecls':
  No value was found.
Failed to decode output/Node.Stream/corefn.json: An error occurred while decoding a JSON value:
  At object key 'dataDecls':
  No value was found.
Failed to decode output/Node.Stream.Aff/corefn.json: An error occurred while decoding a JSON value:
  At object key 'dataDecls':
  No value was found.
Failed to decode output/Node.Symbol/corefn.json: An error occurred while decoding a JSON value:
  At object key 'dataDecls':
  No value was found.
Failed to decode output/Partial/corefn.json: An error occurred while decoding a JSON value:
  At object key 'dataDecls':
  No value was found.
Failed to decode output/Partial.Unsafe/corefn.json: An error occurred while decoding a JSON value:
  At object key 'dataDecls':
  No value was found.
Failed to decode output/Prelude/corefn.json: An error occurred while decoding a JSON value:
  At object key 'dataDecls':
  No value was found.
Failed to decode output/PureScript.Backend.Optimizer.Debug/corefn.json: An error occurred while decoding a JSON value:
  At object key 'dataDecls':
  No value was found.
Failed to decode output/PureScript.Backend.Optimizer.Directives.Defaults/corefn.json: An error occurred while decoding a JSON value:
  At object key 'dataDecls':
  No value was found.
Failed to decode output/PureScript.Backend.Optimizer.FfiSupport/corefn.json: An error occurred while decoding a JSON value:
  At object key 'dataDecls':
  No value was found.
Failed to decode output/PureScript.Backend.Optimizer.Utils/corefn.json: An error occurred while decoding a JSON value:
  At object key 'dataDecls':
  No value was found.
Failed to decode output/PureScript.CST/corefn.json: An error occurred while decoding a JSON value:
  At object key 'dataDecls':
  No value was found.
Failed to decode output/PureScript.CST.Errors/corefn.json: An error occurred while decoding a JSON value:
  At object key 'dataDecls':
  No value was found.
Failed to decode output/PureScript.CST.Layout/corefn.json: An error occurred while decoding a JSON value:
  At object key 'dataDecls':
  No value was found.
Failed to decode output/PureScript.CST.Lexer/corefn.json: An error occurred while decoding a JSON value:
  At object key 'dataDecls':
  No value was found.
Failed to decode output/PureScript.CST.ModuleGraph/corefn.json: An error occurred while decoding a JSON value:
  At object key 'dataDecls':
  No value was found.
Failed to decode output/PureScript.CST.Parser/corefn.json: An error occurred while decoding a JSON value:
  At object key 'dataDecls':
  No value was found.
Failed to decode output/PureScript.CST.Parser.Monad/corefn.json: An error occurred while decoding a JSON value:
  At object key 'dataDecls':
  No value was found.
Failed to decode output/PureScript.CST.Print/corefn.json: An error occurred while decoding a JSON value:
  At object key 'dataDecls':
  No value was found.
Failed to decode output/PureScript.CST.Range/corefn.json: An error occurred while decoding a JSON value:
  At object key 'dataDecls':
  No value was found.
Failed to decode output/PureScript.CST.Range.TokenList/corefn.json: An error occurred while decoding a JSON value:
  At object key 'dataDecls':
  No value was found.
Failed to decode output/PureScript.CST.TokenStream/corefn.json: An error occurred while decoding a JSON value:
  At object key 'dataDecls':
  No value was found.
Failed to decode output/PureScript.CST.Traversal/corefn.json: An error occurred while decoding a JSON value:
  At object key 'dataDecls':
  No value was found.
Failed to decode output/PureScript.CST.Types/corefn.json: An error occurred while decoding a JSON value:
  At object key 'dataDecls':
  No value was found.
Failed to decode output/Purust.CodeGen/corefn.json: An error occurred while decoding a JSON value:
  At object key 'dataDecls':
  No value was found.
Failed to decode output/Record/corefn.json: An error occurred while decoding a JSON value:
  At object key 'dataDecls':
  No value was found.
Failed to decode output/Record.Builder/corefn.json: An error occurred while decoding a JSON value:
  At object key 'dataDecls':
  No value was found.
Failed to decode output/Record.Unsafe/corefn.json: An error occurred while decoding a JSON value:
  At object key 'dataDecls':
  No value was found.
Failed to decode output/Record.Unsafe.Union/corefn.json: An error occurred while decoding a JSON value:
  At object key 'dataDecls':
  No value was found.
Failed to decode output/Safe.Coerce/corefn.json: An error occurred while decoding a JSON value:
  At object key 'dataDecls':
  No value was found.
Failed to decode output/Spago.Generated.BuildInfo/corefn.json: An error occurred while decoding a JSON value:
  At object key 'dataDecls':
  No value was found.
Failed to decode output/TestSanitize/corefn.json: An error occurred while decoding a JSON value:
  At object key 'dataDecls':
  No value was found.
Failed to decode output/Type.Data.Boolean/corefn.json: An error occurred while decoding a JSON value:
  At object key 'dataDecls':
  No value was found.
Failed to decode output/Type.Data.Ordering/corefn.json: An error occurred while decoding a JSON value:
  At object key 'dataDecls':
  No value was found.
Failed to decode output/Type.Data.Symbol/corefn.json: An error occurred while decoding a JSON value:
  At object key 'dataDecls':
  No value was found.
Failed to decode output/Type.Equality/corefn.json: An error occurred while decoding a JSON value:
  At object key 'dataDecls':
  No value was found.
Failed to decode output/Type.Function/corefn.json: An error occurred while decoding a JSON value:
  At object key 'dataDecls':
  No value was found.
Failed to decode output/Type.Prelude/corefn.json: An error occurred while decoding a JSON value:
  At object key 'dataDecls':
  No value was found.
Failed to decode output/Type.Proxy/corefn.json: An error occurred while decoding a JSON value:
  At object key 'dataDecls':
  No value was found.
Failed to decode output/Type.Row/corefn.json: An error occurred while decoding a JSON value:
  At object key 'dataDecls':
  No value was found.
Failed to decode output/Type.Row.Homogeneous/corefn.json: An error occurred while decoding a JSON value:
  At object key 'dataDecls':
  No value was found.
Failed to decode output/Type.RowList/corefn.json: An error occurred while decoding a JSON value:
  At object key 'dataDecls':
  No value was found.
Failed to decode output/Unsafe.Coerce/corefn.json: An error occurred while decoding a JSON value:
  At object key 'dataDecls':
  No value was found.
file:///Users/0x1/Documents/htdocs/purust/bin/purust.js:1188
                  throw util2.fromLeft(step);
                  ^

Error: Invariant broken: could not determine pattern matched constructor's fields during conversion.
    at _crashWith (file:///Users/0x1/Documents/htdocs/purust/bin/purust.js:773:9)
    at file:///Users/0x1/Documents/htdocs/purust/bin/purust.js:14314:28
    at file:///Users/0x1/Documents/htdocs/purust/bin/purust.js:14317:19
    at file:///Users/0x1/Documents/htdocs/purust/bin/purust.js:14502:54
    at file:///Users/0x1/Documents/htdocs/purust/bin/purust.js:667:56
    at file:///Users/0x1/Documents/htdocs/purust/bin/purust.js:14505:24
    at file:///Users/0x1/Documents/htdocs/purust/bin/purust.js:14168:25
    at file:///Users/0x1/Documents/htdocs/purust/bin/purust.js:686:50
    at file:///Users/0x1/Documents/htdocs/purust/bin/purust.js:14095:34
    at file:///Users/0x1/Documents/htdocs/purust/bin/purust.js:14170:7

Node.js v24.8.0
