
> purust@0.1.0 build
> spago build && NODE_OPTIONS="--no-deprecation" purs-backend-es bundle-app -p node -m Main --to bin/purust.js

Reading Spago workspace configuration...

✓ Selecting package to build: purust

Downloading dependencies...
Building...
[1 of 2] Compiling Purust.CodeGen
[WARNING 1/8 UnusedName] src/Purust/CodeGen.purs:25:23

  25  codegenModule (Module coreFnMod) backendMod =
                            ^^^^^^^^^

  Name coreFnMod was introduced but not used.
  in value declaration codegenModule

[WARNING 2/8 OverlappingPattern] src/Purust/CodeGen.purs:73:1

  73  codegenExprType :: Boolean -> ExprType -> String
      ^^^^^^^^^^^^^^^^^^^^^^^^^^^^^^^^^^^^^^^^^^^^^^^^

  A case expression contains unreachable cases:
  _
  in binding group codegenExprType

[WARNING 3/8 UnusedName] src/Purust/CodeGen.purs:74:17

  74  codegenExprType isRet = case _ of
                      ^^^^^

  Name isRet was introduced but not used.
  in value declaration codegenExprType

[WARNING 4/8 UnusedName] src/Purust/CodeGen.purs:326:31

  326    Accessor base (GetCtorField qId ctorType (ProperName tyNameStr) (Ident ctorName) propName fieldIdx) ->
                                     ^^^

  Name qId was introduced but not used.
  in value declaration codegenExprInner

[WARNING 5/8 UnusedName] src/Purust/CodeGen.purs:326:35

  326    Accessor base (GetCtorField qId ctorType (ProperName tyNameStr) (Ident ctorName) propName fieldIdx) ->
                                         ^^^^^^^^

  Name ctorType was introduced but not used.
  in value declaration codegenExprInner

[WARNING 6/8 UnusedName] src/Purust/CodeGen.purs:326:84

  326    Accessor base (GetCtorField qId ctorType (ProperName tyNameStr) (Ident ctorName) propName fieldIdx) ->
                                                                                          ^^^^^^^^

  Name propName was introduced but not used.
  in value declaration codegenExprInner

[WARNING 7/8 UnusedName] src/Purust/CodeGen.purs:451:18

  451    Accessor inner prop -> "Accessor(" <> printAST inner <> ")"
                        ^^^^

  Name prop was introduced but not used.
  in value declaration printAST

[WARNING 8/8 UnusedName] src/Purust/CodeGen.purs:529:25

  529    UncurriedEffectApp fn args -> 
                               ^^^^

  Name args was introduced but not used.
  in value declaration inferTypeExpr

[ERROR 1/1 IncorrectConstructorArity] src/Purust/CodeGen.purs:423:3

  423    CtorDef (Qualified mbMod _) _ (ProperName tyNameStr) (Ident ctorName) fields ->
         ^^^^^^^^^^^^^^^^^^^^^^^^^^^^^^^^^^^^^^^^^^^^^^^^^^^^^^^^^^^^^^^^^^^^^^^^^^^^

  Data constructor PureScript.Backend.Optimizer.Syntax.CtorDef was given 5 arguments in a case expression, but expected 4 arguments.
  This problem can be fixed by giving PureScript.Backend.Optimizer.Syntax.CtorDef 4 arguments.
  while checking that expression case expr of
                                   (Typed _ inner) -> ((...) alive) inner
                                   (App fn args) -> let
                                                      numProvided = ...
                                                      fnTy = ...
                                                      fnArity = ...
                                                      argsArray = ...
                                                      argsFree = ...
                                                      argsCodeArray = ...
                                                      argsCode = ...
                                                      aliveForFn = ...
                                                      fnCode = ...
                                                    in if (...)
                                                         then (...)
                                                         else (...)
                                   (UncurriedEffectApp fn args) -> case fn of
                                                                     (NeutralExpr (Typed _ (NeutralExpr (Accessor _ (GetProp "logRecord"))))) -> ...
                                                                     (NeutralExpr (Accessor _ (GetProp "logRecord"))) -> ...
                                                                     (NeutralExpr (Typed _ (NeutralExpr (Var (Qualified _ (Ident "logRecord")))))) -> ...
                                                                     (NeutralExpr (Var (Qualified _ (Ident "logRecord")))) -> ...
                                                                     _ -> ...
                                   (Update base props) -> let
                                                            propsCode = ...
                                                          in (...) (...)
                                   (Branch branches def) -> let
                                                              defCode = ...
                                                              branchCode = ...
                                                            in (...) (...)
                                   (PrimOp (Op1 op a)) -> let
                                                            aStr = ...
                                                          in case op of
                                                               ...
                                                               ...
                                                               ...
                                                               ...
                                                               ...
                                   (PrimOp (Op2 op a b)) -> let
                                                              bStr = ...
                                                              aliveForA = ...
                                                              aStr = ...
                                                            in case op of
                                                                 ...
                                                                 ...
                                                                 ...
                                                                 ...
                                                                 ...
                                                                 ...
                                                                 ...
                                                                 ...
                                                                 ...
                                                                 ...
                                                                 ...
                                                                 ...
                                                                 ...
                                                                 ...
                                                                 ...
                                                                 ...
                                                                 ...
                                                                 ...
                                                                 ...
                                                                 ...
                                                                 ...
                                                                 ...
                                                                 ...
                                                                 ...
                                                                 ...
                                   (Accessor base (GetProp k)) -> (append (...)) ((...) (...))
                                   (Accessor base (GetCtorField qId ctorType (ProperName tyNameStr) (Ident ctorName) propName fieldIdx)) -> let
                                                                                                                                              placeholders = ...
                                                                                                                                              prefix = ...
                                                                                                                                              baseStr = ...
                                                                                                                                            in (...) (...)
                                   (Var (Qualified mbMod (Ident name))) -> let
                                                                             modPrefix = ...
                                                                             fullName = ...
                                                                             isAlive = ...
                                                                             isZeroArity = ...
                                                                             varCode = ...
                                                                           in if isAlive
                                                                                then (...)
                                                                                else varCode
                                   (Let mbId lvl val body) -> let
                                                                name = ...
                                                                bodyVars = ...
                                                                deadCode = ...
                                                                aliveForVal = ...
                                                                valCode = ...
                                                              in (...) (...)
                                   (EffectBind mbIdent lvl val body) -> let
                                                                          name = ...
                                                                          bodyVars = ...
                                                                          deadCode = ...
                                                                          aliveForVal = ...
                                                                          valCode = ...
                                                                        in (...) (...)
                                   (EffectPure val) -> ((...) alive) val
                                   (Local mbId lvl) -> let
                                                         name = ...
                                                       in if (...)
                                                            then (...)
                                                            else name
                                   (Lit lit) -> case lit of
                                                  (LitInt i) -> ...
                                                  (LitNumber n) -> ...
                                                  (LitString s) -> ...
                                                  (LitChar c) -> ...
                                                  (LitBoolean b) -> ...
                                                  (LitArray arr) -> ...
                                                  (LitRecord props) -> ...
                                   (Abs params body) -> let
                                                          paramsArr = ...
                                                          paramsCode = ...
                                                          bodyVars = ...
                                                          drops = ...
                                                        in (...) (...)
                                   PrimUndefined -> "unimplemented!()"
                                   (CtorSaturated _ _ (ProperName tyNameStr) (Ident ctorName) fields) -> let
                                                                                                           fieldsCode = ...
                                                                                                         in (...) (...)
                                   (CtorDef (Qualified mbMod _) _ (ProperName tyNameStr) (Ident ctorName) fields) -> let
                                                                                                                       paramsArr = ...
                                                                                                                       paramsCode = ...
                                                                                                                       numArgs = ...
                                                                                                                       modPrefix = ...
                                                                                                                       mkFn = ...
                                                                                                                       fullTyName = ...
                                                                                                                       fieldsCode = ...
                                                                                                                     in (...) (...)
                                   _ -> (append "unimplemented!() /* Unsupported Expr: ") ((...) " */")
    has type String
  in binding group codegenExprInner, codegenExpr

           Src   Lib   All
Warnings     8     0     8
Errors       1     0     1

✘ Failed to build.

